Feb 16 00:11:04 basegnss rsyslogd: [origin software="rsyslogd" swVersion="8.2102.0" x-pid="391" x-info="https://www.rsyslog.com"] rsyslogd was HUPed
Feb 17 05:45:58 basegnss kernel: [9312202.042169] usb 1-1.2.2: USB disconnect, device number 7
Feb 17 05:45:58 basegnss kernel: [9312202.355808] usb 1-1.2.2: new high-speed USB device number 11 using dwc_otg
Feb 17 05:45:59 basegnss kernel: [9312202.506540] usb 1-1.2.2: New USB device found, idVendor=16c0, idProduct=0483, bcdDevice= 2.81
Feb 17 05:45:59 basegnss kernel: [9312202.506578] usb 1-1.2.2: New USB device strings: Mfr=1, Product=2, SerialNumber=3
Feb 17 05:45:59 basegnss kernel: [9312202.506596] usb 1-1.2.2: Product: USB Serial
Feb 17 05:45:59 basegnss kernel: [9312202.506611] usb 1-1.2.2: Manufacturer: Teensyduino
Feb 17 05:45:59 basegnss kernel: [9312202.506625] usb 1-1.2.2: SerialNumber: 11165570
Feb 17 05:45:59 basegnss kernel: [9312202.512356] cdc_acm 1-1.2.2:1.0: ttyACM0: USB ACM device
Feb 18 00:10:45 basegnss rsyslogd: [origin software="rsyslogd" swVersion="8.2102.0" x-pid="391" x-info="https://www.rsyslog.com"] rsyslogd was HUPed
Feb 19 20:21:40 basegnss kernel: [9537545.787814] usb 1-1.2.2: USB disconnect, device number 11
Feb 19 20:21:41 basegnss kernel: [9537546.152257] usb 1-1.2.2: new high-speed USB device number 12 using dwc_otg
Feb 19 20:21:41 basegnss kernel: [9537546.302654] usb 1-1.2.2: New USB device found, idVendor=16c0, idProduct=0483, bcdDevice= 2.81
Feb 19 20:21:41 basegnss kernel: [9537546.302678] usb 1-1.2.2: New USB device strings: Mfr=1, Product=2, SerialNumber=3
Feb 19 20:21:41 basegnss kernel: [9537546.302687] usb 1-1.2.2: Product: USB Serial
Feb 19 20:21:41 basegnss kernel: [9537546.302699] usb 1-1.2.2: Manufacturer: Teensyduino
Feb 19 20:21:41 basegnss kernel: [9537546.302706] usb 1-1.2.2: SerialNumber: 11165570
Feb 19 20:21:41 basegnss kernel: [9537546.306528] cdc_acm 1-1.2.2:1.0: ttyACM1: USB ACM device
Feb 19 20:21:41 basegnss kernel: [9537546.811980] 
Feb 19 20:21:41 basegnss kernel: [9537546.812000] WARN::dwc_otg_hcd_urb_dequeue:639: Timed out waiting for FSM NP transfer to complete on 4
Feb 19 20:21:41 basegnss kernel: [9537546.812831] usb 1-1.2.2: USB disconnect, device number 12
Feb 19 20:21:42 basegnss kernel: [9537547.142358] usb 1-1.2.2: new high-speed USB device number 13 using dwc_otg
Feb 19 20:22:02 basegnss kernel: [9537567.892428] usb 1-1.2.2: new high-speed USB device number 14 using dwc_otg
Feb 19 20:17:05 basegnss kernel: [    0.000000] Booting Linux on physical CPU 0x0
Feb 19 20:17:05 basegnss kernel: [    0.000000] Linux version 5.15.84-v7+ (dom@buildbot) (arm-linux-gnueabihf-gcc-8 (Ubuntu/Linaro 8.4.0-3ubuntu1) 8.4.0, GNU ld (GNU Binutils for Ubuntu) 2.34) #1613 SMP Thu Jan 5 11:59:48 GMT 2023
Feb 19 20:17:05 basegnss kernel: [    0.000000] CPU: ARMv7 Processor [410fd034] revision 4 (ARMv7), cr=10c5383d
Feb 19 20:17:05 basegnss kernel: [    0.000000] CPU: div instructions available: patching division code
Feb 19 20:17:05 basegnss kernel: [    0.000000] CPU: PIPT / VIPT nonaliasing data cache, VIPT aliasing instruction cache
Feb 19 20:17:05 basegnss kernel: [    0.000000] OF: fdt: Machine model: Raspberry Pi 3 Model B Plus Rev 1.3
Feb 19 20:17:05 basegnss kernel: [    0.000000] random: crng init done
Feb 19 20:17:05 basegnss kernel: [    0.000000] Memory policy: Data cache writealloc
Feb 19 20:17:05 basegnss kernel: [    0.000000] Reserved memory: created CMA memory pool at 0x1ec00000, size 256 MiB
Feb 19 20:17:05 basegnss kernel: [    0.000000] OF: reserved mem: initialized node linux,cma, compatible id shared-dma-pool
Feb 19 20:17:05 basegnss kernel: [    0.000000] Zone ranges:
Feb 19 20:17:05 basegnss kernel: [    0.000000]   DMA      [mem 0x0000000000000000-0x000000003b3fffff]
Feb 19 20:17:05 basegnss kernel: [    0.000000]   Normal   empty
Feb 19 20:17:05 basegnss kernel: [    0.000000] Movable zone start for each node
Feb 19 20:17:05 basegnss kernel: [    0.000000] Early memory node ranges
Feb 19 20:17:05 basegnss kernel: [    0.000000]   node   0: [mem 0x0000000000000000-0x000000003b3fffff]
Feb 19 20:17:05 basegnss kernel: [    0.000000] Initmem setup node 0 [mem 0x0000000000000000-0x000000003b3fffff]
Feb 19 20:17:05 basegnss kernel: [    0.000000] percpu: Embedded 16 pages/cpu s35724 r8192 d21620 u65536
Feb 19 20:17:05 basegnss kernel: [    0.000000] Built 1 zonelists, mobility grouping on.  Total pages: 240555
Feb 19 20:17:05 basegnss kernel: [    0.000000] Kernel command line: coherent_pool=1M 8250.nr_uarts=0 snd_bcm2835.enable_compat_alsa=0 snd_bcm2835.enable_hdmi=1 video=Composite-1:720x480@60i vc_mem.mem_base=0x3ec00000 vc_mem.mem_size=0x40000000  console=ttyS0,115200 console=tty1 root=PARTUUID=810c544c-02 rootfstype=ext4 fsck.repair=yes rootwait
Feb 19 20:17:05 basegnss kernel: [    0.000000] Dentry cache hash table entries: 131072 (order: 7, 524288 bytes, linear)
Feb 19 20:17:05 basegnss kernel: [    0.000000] Inode-cache hash table entries: 65536 (order: 6, 262144 bytes, linear)
Feb 19 20:17:05 basegnss kernel: [    0.000000] mem auto-init: stack:off, heap alloc:off, heap free:off
Feb 19 20:17:05 basegnss kernel: [    0.000000] Memory: 681100K/970752K available (10240K kernel code, 1337K rwdata, 3076K rodata, 1024K init, 569K bss, 27508K reserved, 262144K cma-reserved)
Feb 19 20:17:05 basegnss kernel: [    0.000000] SLUB: HWalign=64, Order=0-3, MinObjects=0, CPUs=4, Nodes=1
Feb 19 20:17:05 basegnss kernel: [    0.000000] ftrace: allocating 33312 entries in 98 pages
Feb 19 20:17:05 basegnss kernel: [    0.000000] ftrace: allocated 98 pages with 3 groups
Feb 19 20:17:05 basegnss kernel: [    0.000000] trace event string verifier disabled
Feb 19 20:17:05 basegnss kernel: [    0.000000] rcu: Hierarchical RCU implementation.
Feb 19 20:17:05 basegnss kernel: [    0.000000] 	Rude variant of Tasks RCU enabled.
Feb 19 20:17:05 basegnss kernel: [    0.000000] 	Tracing variant of Tasks RCU enabled.
Feb 19 20:17:05 basegnss kernel: [    0.000000] rcu: RCU calculated value of scheduler-enlistment delay is 10 jiffies.
Feb 19 20:17:05 basegnss kernel: [    0.000000] NR_IRQS: 16, nr_irqs: 16, preallocated irqs: 16
Feb 19 20:17:05 basegnss kernel: [    0.000000] arch_timer: cp15 timer(s) running at 19.20MHz (phys).
Feb 19 20:17:05 basegnss kernel: [    0.000000] clocksource: arch_sys_counter: mask: 0xffffffffffffff max_cycles: 0x46d987e47, max_idle_ns: 440795202767 ns
Feb 19 20:17:05 basegnss kernel: [    0.000001] sched_clock: 56 bits at 19MHz, resolution 52ns, wraps every 4398046511078ns
Feb 19 20:17:05 basegnss kernel: [    0.000023] Switching to timer-based delay loop, resolution 52ns
Feb 19 20:17:05 basegnss kernel: [    0.000419] Console: colour dummy device 80x30
Feb 19 20:17:05 basegnss kernel: [    0.001214] printk: console [tty1] enabled
Feb 19 20:17:05 basegnss kernel: [    0.001287] Calibrating delay loop (skipped), value calculated using timer frequency.. 38.40 BogoMIPS (lpj=192000)
Feb 19 20:17:05 basegnss kernel: [    0.001347] pid_max: default: 32768 minimum: 301
Feb 19 20:17:05 basegnss kernel: [    0.001528] LSM: Security Framework initializing
Feb 19 20:17:05 basegnss kernel: [    0.001779] Mount-cache hash table entries: 2048 (order: 1, 8192 bytes, linear)
Feb 19 20:17:05 basegnss kernel: [    0.001832] Mountpoint-cache hash table entries: 2048 (order: 1, 8192 bytes, linear)
Feb 19 20:17:05 basegnss kernel: [    0.003405] cgroup: Disabling memory control group subsystem
Feb 19 20:17:05 basegnss kernel: [    0.003713] CPU: Testing write buffer coherency: ok
Feb 19 20:17:05 basegnss kernel: [    0.004265] CPU0: thread -1, cpu 0, socket 0, mpidr 80000000
Feb 19 20:17:05 basegnss kernel: [    0.005770] Setting up static identity map for 0x100000 - 0x10003c
Feb 19 20:17:05 basegnss kernel: [    0.005981] rcu: Hierarchical SRCU implementation.
Feb 19 20:17:05 basegnss kernel: [    0.006988] smp: Bringing up secondary CPUs ...
Feb 19 20:17:05 basegnss kernel: [    0.008169] CPU1: thread -1, cpu 1, socket 0, mpidr 80000001
Feb 19 20:17:05 basegnss kernel: [    0.009475] CPU2: thread -1, cpu 2, socket 0, mpidr 80000002
Feb 19 20:17:05 basegnss kernel: [    0.010767] CPU3: thread -1, cpu 3, socket 0, mpidr 80000003
Feb 19 20:17:05 basegnss kernel: [    0.010929] smp: Brought up 1 node, 4 CPUs
Feb 19 20:17:05 basegnss kernel: [    0.011031] SMP: Total of 4 processors activated (153.60 BogoMIPS).
Feb 19 20:17:05 basegnss kernel: [    0.011067] CPU: All CPU(s) started in HYP mode.
Feb 19 20:17:05 basegnss kernel: [    0.011094] CPU: Virtualization extensions available.
Feb 19 20:17:05 basegnss kernel: [    0.012030] devtmpfs: initialized
Feb 19 20:17:05 basegnss kernel: [    0.030296] VFP support v0.3: implementor 41 architecture 3 part 40 variant 3 rev 4
Feb 19 20:17:05 basegnss kernel: [    0.030560] clocksource: jiffies: mask: 0xffffffff max_cycles: 0xffffffff, max_idle_ns: 19112604462750000 ns
Feb 19 20:17:05 basegnss kernel: [    0.030629] futex hash table entries: 1024 (order: 4, 65536 bytes, linear)
Feb 19 20:17:05 basegnss kernel: [    0.042492] pinctrl core: initialized pinctrl subsystem
Feb 19 20:17:05 basegnss kernel: [    0.043881] NET: Registered PF_NETLINK/PF_ROUTE protocol family
Feb 19 20:17:05 basegnss kernel: [    0.048378] DMA: preallocated 1024 KiB pool for atomic coherent allocations
Feb 19 20:17:05 basegnss kernel: [    0.053975] audit: initializing netlink subsys (disabled)
Feb 19 20:17:05 basegnss kernel: [    0.054287] audit: type=2000 audit(0.050:1): state=initialized audit_enabled=0 res=1
Feb 19 20:17:05 basegnss kernel: [    0.054943] thermal_sys: Registered thermal governor 'step_wise'
Feb 19 20:17:05 basegnss kernel: [    0.055902] hw-breakpoint: found 5 (+1 reserved) breakpoint and 4 watchpoint registers.
Feb 19 20:17:05 basegnss kernel: [    0.055970] hw-breakpoint: maximum watchpoint size is 8 bytes.
Feb 19 20:17:05 basegnss kernel: [    0.056263] Serial: AMBA PL011 UART driver
Feb 19 20:17:05 basegnss kernel: [    0.066247] bcm2835-mbox 3f00b880.mailbox: mailbox enabled
Feb 19 20:17:05 basegnss kernel: [    0.090109] raspberrypi-firmware soc:firmware: Attached to firmware from 2023-01-05T10:48:31, variant start
Feb 19 20:17:05 basegnss kernel: [    0.100127] raspberrypi-firmware soc:firmware: Firmware hash is 8ba17717fbcedd4c3b6d4bce7e50c7af4155cba9
Feb 19 20:17:05 basegnss kernel: [    0.149341] Kprobes globally optimized
Feb 19 20:17:05 basegnss kernel: [    0.154949] bcm2835-dma 3f007000.dma: DMA legacy API manager, dmachans=0x1
Feb 19 20:17:05 basegnss kernel: [    0.157274] SCSI subsystem initialized
Feb 19 20:17:05 basegnss kernel: [    0.157551] usbcore: registered new interface driver usbfs
Feb 19 20:17:05 basegnss kernel: [    0.157661] usbcore: registered new interface driver hub
Feb 19 20:17:05 basegnss kernel: [    0.157753] usbcore: registered new device driver usb
Feb 19 20:17:05 basegnss kernel: [    0.158130] usb_phy_generic phy: supply vcc not found, using dummy regulator
Feb 19 20:17:05 basegnss kernel: [    0.158340] usb_phy_generic phy: dummy supplies not allowed for exclusive requests
Feb 19 20:17:05 basegnss kernel: [    0.158634] pps_core: LinuxPPS API ver. 1 registered
Feb 19 20:17:05 basegnss kernel: [    0.158667] pps_core: Software ver. 5.3.6 - Copyright 2005-2007 Rodolfo Giometti <giometti@linux.it>
Feb 19 20:17:05 basegnss kernel: [    0.158726] PTP clock support registered
Feb 19 20:17:05 basegnss kernel: [    0.161251] clocksource: Switched to clocksource arch_sys_counter
Feb 19 20:17:05 basegnss kernel: [    0.232010] VFS: Disk quotas dquot_6.6.0
Feb 19 20:17:05 basegnss kernel: [    0.232162] VFS: Dquot-cache hash table entries: 1024 (order 0, 4096 bytes)
Feb 19 20:17:05 basegnss kernel: [    0.232399] FS-Cache: Loaded
Feb 19 20:17:05 basegnss kernel: [    0.232654] CacheFiles: Loaded
Feb 19 20:17:05 basegnss kernel: [    0.233492] simple-framebuffer 3eaa9000.framebuffer: framebuffer at 0x3eaa9000, 0x151800 bytes
Feb 19 20:17:05 basegnss kernel: [    0.233545] simple-framebuffer 3eaa9000.framebuffer: format=a8r8g8b8, mode=720x480x32, linelength=2880
Feb 19 20:17:05 basegnss kernel: [    0.239734] Console: switching to colour frame buffer device 90x30
Feb 19 20:17:05 basegnss kernel: [    0.248388] simple-framebuffer 3eaa9000.framebuffer: fb0: simplefb registered!
Feb 19 20:17:05 basegnss kernel: [    0.261171] NET: Registered PF_INET protocol family
Feb 19 20:17:05 basegnss kernel: [    0.264730] IP idents hash table entries: 16384 (order: 5, 131072 bytes, linear)
Feb 19 20:17:05 basegnss kernel: [    0.269674] tcp_listen_portaddr_hash hash table entries: 512 (order: 0, 6144 bytes, linear)
Feb 19 20:17:05 basegnss mtp-probe: checking bus 1, device 6: "/sys/devices/platform/soc/3f980000.usb/usb1/1-1/1-1.1/1-1.1.1"
Feb 19 20:17:05 basegnss rsyslogd: imuxsock: Acquired UNIX socket '/run/systemd/journal/syslog' (fd 3) from systemd.  [v8.2102.0]
Feb 19 20:17:05 basegnss rsyslogd: [origin software="rsyslogd" swVersion="8.2102.0" x-pid="342" x-info="https://www.rsyslog.com"] start
Feb 19 20:17:05 basegnss kernel: [    0.276284] Table-perturb hash table entries: 65536 (order: 6, 262144 bytes, linear)
Feb 19 20:17:05 basegnss kernel: [    0.279876] TCP established hash table entries: 8192 (order: 3, 32768 bytes, linear)
Feb 19 20:17:05 basegnss kernel: [    0.283655] TCP bind hash table entries: 8192 (order: 4, 65536 bytes, linear)
Feb 19 20:17:05 basegnss kernel: [    0.287484] TCP: Hash tables configured (established 8192 bind 8192)
Feb 19 20:17:05 basegnss kernel: [    0.291378] UDP hash table entries: 512 (order: 2, 16384 bytes, linear)
Feb 19 20:17:05 basegnss kernel: [    0.295064] UDP-Lite hash table entries: 512 (order: 2, 16384 bytes, linear)
Feb 19 20:17:05 basegnss kernel: [    0.299029] NET: Registered PF_UNIX/PF_LOCAL protocol family
Feb 19 20:17:05 basegnss kernel: [    0.303587] RPC: Registered named UNIX socket transport module.
Feb 19 20:17:05 basegnss kernel: [    0.307199] RPC: Registered udp transport module.
Feb 19 20:17:05 basegnss kernel: [    0.310764] RPC: Registered tcp transport module.
Feb 19 20:17:05 basegnss kernel: [    0.314254] RPC: Registered tcp NFSv4.1 backchannel transport module.
Feb 19 20:17:05 basegnss kernel: [    1.871957] hw perfevents: enabled with armv7_cortex_a7 PMU driver, 7 counters available
Feb 19 20:17:05 basegnss kernel: [    1.911653] Initialise system trusted keyrings
Feb 19 20:17:05 basegnss kernel: [    1.915559] workingset: timestamp_bits=14 max_order=18 bucket_order=4
Feb 19 20:17:05 basegnss kernel: [    1.929041] zbud: loaded
Feb 19 20:17:05 basegnss kernel: [    1.934721] FS-Cache: Netfs 'nfs' registered for caching
Feb 19 20:17:05 basegnss kernel: [    1.939170] NFS: Registering the id_resolver key type
Feb 19 20:17:05 basegnss kernel: [    1.942638] Key type id_resolver registered
Feb 19 20:17:05 basegnss kernel: [    1.945968] Key type id_legacy registered
Feb 19 20:17:05 basegnss kernel: [    1.949325] nfs4filelayout_init: NFSv4 File Layout Driver Registering...
Feb 19 20:17:05 basegnss kernel: [    1.952624] nfs4flexfilelayout_init: NFSv4 Flexfile Layout Driver Registering...
Feb 19 20:17:05 basegnss kernel: [    1.957140] Key type asymmetric registered
Feb 19 20:17:05 basegnss kernel: [    1.960335] Asymmetric key parser 'x509' registered
Feb 19 20:17:05 basegnss kernel: [    1.963561] Block layer SCSI generic (bsg) driver version 0.4 loaded (major 247)
Feb 19 20:17:05 basegnss kernel: [    1.966723] io scheduler mq-deadline registered
Feb 19 20:17:05 basegnss kernel: [    1.969828] io scheduler kyber registered
Feb 19 20:17:05 basegnss kernel: [    1.984001] bcm2835-rng 3f104000.rng: hwrng registered
Feb 19 20:17:05 basegnss kernel: [    1.987597] vc-mem: phys_addr:0x00000000 mem_base=0x3ec00000 mem_size:0x40000000(1024 MiB)
Feb 19 20:17:05 basegnss kernel: [    1.994883] gpiomem-bcm2835 3f200000.gpiomem: Initialised: Registers at 0x3f200000
Feb 19 20:17:05 basegnss kernel: [    2.010156] brd: module loaded
Feb 19 20:17:05 basegnss kernel: [    2.023178] loop: module loaded
Feb 19 20:17:05 basegnss kernel: [    2.026992] Loading iSCSI transport class v2.0-870.
Feb 19 20:17:05 basegnss kernel: [    2.032178] usbcore: registered new interface driver lan78xx
Feb 19 20:17:05 basegnss kernel: [    2.035493] usbcore: registered new interface driver smsc95xx
Feb 19 20:17:05 basegnss kernel: [    2.038610] dwc_otg: version 3.00a 10-AUG-2012 (platform bus)
Feb 19 20:17:05 basegnss kernel: [    2.769914] Core Release: 2.80a
Feb 19 20:17:05 basegnss kernel: [    2.772943] Setting default values for core params
Feb 19 20:17:05 basegnss kernel: [    2.775962] Finished setting default values for core params
Feb 19 20:17:05 basegnss kernel: [    2.979301] Using Buffer DMA mode
Feb 19 20:17:05 basegnss kernel: [    2.982276] Periodic Transfer Interrupt Enhancement - disabled
Feb 19 20:17:05 basegnss kernel: [    2.985302] Multiprocessor Interrupt Enhancement - disabled
Feb 19 20:17:05 basegnss kernel: [    2.988336] OTG VER PARAM: 0, OTG VER FLAG: 0
Feb 19 20:17:05 basegnss kernel: [    2.991466] Dedicated Tx FIFOs mode
Feb 19 20:17:05 basegnss kernel: [    2.995944] 
Feb 19 20:17:05 basegnss kernel: [    2.995957] WARN::dwc_otg_hcd_init:1074: FIQ DMA bounce buffers: virt = 9ed04000 dma = 0xded04000 len=9024
Feb 19 20:17:05 basegnss kernel: [    3.004802] FIQ FSM acceleration enabled for :
Feb 19 20:17:05 basegnss kernel: [    3.004802] Non-periodic Split Transactions
Feb 19 20:17:05 basegnss kernel: [    3.004802] Periodic Split Transactions
Feb 19 20:17:05 basegnss kernel: [    3.004802] High-Speed Isochronous Endpoints
Feb 19 20:17:05 basegnss kernel: [    3.004802] Interrupt/Control Split Transaction hack enabled
Feb 19 20:17:05 basegnss kernel: [    3.019294] 
Feb 19 20:17:05 basegnss kernel: [    3.019300] WARN::hcd_init_fiq:457: FIQ on core 1
Feb 19 20:17:05 basegnss kernel: [    3.024602] 
Feb 19 20:17:05 basegnss kernel: [    3.024607] WARN::hcd_init_fiq:458: FIQ ASM at 807fc54c length 36
Feb 19 20:17:05 basegnss kernel: [    3.029765] 
Feb 19 20:17:05 basegnss kernel: [    3.029769] WARN::hcd_init_fiq:497: MPHI regs_base at bb810000
Feb 19 20:17:05 basegnss kernel: [    3.035032] dwc_otg 3f980000.usb: DWC OTG Controller
Feb 19 20:17:05 basegnss kernel: [    3.037852] dwc_otg 3f980000.usb: new USB bus registered, assigned bus number 1
Feb 19 20:17:05 basegnss kernel: [    3.040699] dwc_otg 3f980000.usb: irq 89, io mem 0x00000000
Feb 19 20:17:05 basegnss kernel: [    3.043519] Init: Port Power? op_state=1
Feb 19 20:17:05 basegnss kernel: [    3.046243] Init: Power Port (0)
Feb 19 20:17:05 basegnss kernel: [    3.049256] usb usb1: New USB device found, idVendor=1d6b, idProduct=0002, bcdDevice= 5.15
Feb 19 20:17:05 basegnss kernel: [    3.054800] usb usb1: New USB device strings: Mfr=3, Product=2, SerialNumber=1
Feb 19 20:17:05 basegnss kernel: [    3.057726] usb usb1: Product: DWC OTG Controller
Feb 19 20:17:05 basegnss kernel: [    3.060601] usb usb1: Manufacturer: Linux 5.15.84-v7+ dwc_otg_hcd
Feb 19 20:17:05 basegnss kernel: [    3.063551] usb usb1: SerialNumber: 3f980000.usb
Feb 19 20:17:05 basegnss kernel: [    3.067241] hub 1-0:1.0: USB hub found
Feb 19 20:17:05 basegnss kernel: [    3.070135] hub 1-0:1.0: 1 port detected
Feb 19 20:17:05 basegnss kernel: [    3.074195] usbcore: registered new interface driver usb-storage
Feb 19 20:17:05 basegnss kernel: [    3.077206] mousedev: PS/2 mouse device common for all mice
Feb 19 20:17:05 basegnss kernel: [    3.083779] sdhci: Secure Digital Host Controller Interface driver
Feb 19 20:17:05 basegnss kernel: [    3.086667] sdhci: Copyright(c) Pierre Ossman
Feb 19 20:17:05 basegnss kernel: [    3.090050] sdhci-pltfm: SDHCI platform and OF driver helper
Feb 19 20:17:05 basegnss kernel: [    3.095785] ledtrig-cpu: registered to indicate activity on CPUs
Feb 19 20:17:05 basegnss kernel: [    3.099041] hid: raw HID events driver (C) Jiri Kosina
Feb 19 20:17:05 basegnss kernel: [    3.102166] usbcore: registered new interface driver usbhid
Feb 19 20:17:05 basegnss kernel: [    3.105130] usbhid: USB HID core driver
Feb 19 20:17:05 basegnss kernel: [    3.113749] Initializing XFRM netlink socket
Feb 19 20:17:05 basegnss kernel: [    3.116699] NET: Registered PF_PACKET protocol family
Feb 19 20:17:05 basegnss kernel: [    3.119755] Key type dns_resolver registered
Feb 19 20:17:05 basegnss kernel: [    3.123242] Registering SWP/SWPB emulation handler
Feb 19 20:17:05 basegnss kernel: [    3.126790] registered taskstats version 1
Feb 19 20:17:05 basegnss kernel: [    3.129619] Loading compiled-in X.509 certificates
Feb 19 20:17:05 basegnss kernel: [    3.133334] Key type .fscrypt registered
Feb 19 20:17:05 basegnss kernel: [    3.136170] Key type fscrypt-provisioning registered
Feb 19 20:17:05 basegnss kernel: [    3.150753] uart-pl011 3f201000.serial: cts_event_workaround enabled
Feb 19 20:17:05 basegnss kernel: [    3.153771] 3f201000.serial: ttyAMA0 at MMIO 0x3f201000 (irq = 114, base_baud = 0) is a PL011 rev2
Feb 19 20:17:05 basegnss kernel: [    3.162037] bcm2835-wdt bcm2835-wdt: Broadcom BCM2835 watchdog timer
Feb 19 20:17:05 basegnss kernel: [    3.165334] bcm2835-power bcm2835-power: Broadcom BCM2835 power domains driver
Feb 19 20:17:05 basegnss kernel: [    3.169999] mmc-bcm2835 3f300000.mmcnr: mmc_debug:0 mmc_debug2:0
Feb 19 20:17:05 basegnss kernel: [    3.172985] mmc-bcm2835 3f300000.mmcnr: DMA channel allocated
Feb 19 20:17:05 basegnss kernel: [    3.201464] Indeed it is in host mode hprt0 = 00021501
Feb 19 20:17:05 basegnss kernel: [    3.264802] sdhost: log_buf @ a8bd43ca (ded03000)
Feb 19 20:17:05 basegnss kernel: [    3.289758] mmc1: new high speed SDIO card at address 0001
Feb 19 20:17:05 basegnss kernel: [    3.319350] mmc0: sdhost-bcm2835 loaded - DMA enabled (>1)
Feb 19 20:17:05 basegnss kernel: [    3.345087] of_cfs_init
Feb 19 20:17:05 basegnss kernel: [    3.348107] of_cfs_init: OK
Feb 19 20:17:05 basegnss kernel: [    3.352428] Waiting for root device PARTUUID=810c544c-02...
Feb 19 20:17:05 basegnss kernel: [    3.389653] mmc0: host does not support reading read-only switch, assuming write-enable
Feb 19 20:17:05 basegnss kernel: [    3.395996] mmc0: new high speed SDHC card at address 5048
Feb 19 20:17:05 basegnss kernel: [    3.399903] mmcblk0: mmc0:5048 SD32G 29.0 GiB 
Feb 19 20:17:05 basegnss kernel: [    3.407444]  mmcblk0: p1 p2
Feb 19 20:17:05 basegnss kernel: [    3.410963] mmcblk0: mmc0:5048 SD32G 29.0 GiB
Feb 19 20:17:05 basegnss kernel: [    3.413963] usb 1-1: new high-speed USB device number 2 using dwc_otg
Feb 19 20:17:05 basegnss kernel: [    3.417132] Indeed it is in host mode hprt0 = 00001101
Feb 19 20:17:05 basegnss kernel: [    3.452800] EXT4-fs (mmcblk0p2): INFO: recovery required on readonly filesystem
Feb 19 20:17:05 basegnss kernel: [    3.455930] EXT4-fs (mmcblk0p2): write access will be enabled during recovery
Feb 19 20:17:05 basegnss kernel: [    3.651647] usb 1-1: New USB device found, idVendor=0424, idProduct=2514, bcdDevice= b.b3
Feb 19 20:17:05 basegnss kernel: [    3.657961] usb 1-1: New USB device strings: Mfr=0, Product=0, SerialNumber=0
Feb 19 20:17:05 basegnss kernel: [    3.662106] hub 1-1:1.0: USB hub found
Feb 19 20:17:05 basegnss kernel: [    3.665331] hub 1-1:1.0: 4 ports detected
Feb 19 20:17:05 basegnss kernel: [    3.981297] usb 1-1.1: new high-speed USB device number 3 using dwc_otg
Feb 19 20:17:05 basegnss kernel: [    4.000504] EXT4-fs (mmcblk0p2): recovery complete
Feb 19 20:17:05 basegnss kernel: [    4.006360] EXT4-fs (mmcblk0p2): mounted filesystem with ordered data mode. Opts: (null). Quota mode: none.
Feb 19 20:17:05 basegnss kernel: [    4.012648] VFS: Mounted root (ext4 filesystem) readonly on device 179:2.
Feb 19 20:17:05 basegnss kernel: [    4.025269] devtmpfs: mounted
Feb 19 20:17:05 basegnss kernel: [    4.036555] Freeing unused kernel image (initmem) memory: 1024K
Feb 19 20:17:05 basegnss kernel: [    4.040334] Run /sbin/init as init process
Feb 19 20:17:05 basegnss kernel: [    4.111675] usb 1-1.1: New USB device found, idVendor=0424, idProduct=2514, bcdDevice= b.b3
Feb 19 20:17:05 basegnss kernel: [    4.118525] usb 1-1.1: New USB device strings: Mfr=0, Product=0, SerialNumber=0
Feb 19 20:17:05 basegnss kernel: [    4.122921] hub 1-1.1:1.0: USB hub found
Feb 19 20:17:05 basegnss kernel: [    4.126492] hub 1-1.1:1.0: 3 ports detected
Feb 19 20:17:05 basegnss kernel: [    4.231361] usb 1-1.2: new high-speed USB device number 4 using dwc_otg
Feb 19 20:17:05 basegnss kernel: [    4.364051] usb 1-1.2: New USB device found, idVendor=05e3, idProduct=0610, bcdDevice= 6.56
Feb 19 20:17:05 basegnss kernel: [    4.371088] usb 1-1.2: New USB device strings: Mfr=1, Product=2, SerialNumber=0
Feb 19 20:17:05 basegnss kernel: [    4.374799] usb 1-1.2: Product: USB2.1 Hub
Feb 19 20:17:05 basegnss kernel: [    4.378379] usb 1-1.2: Manufacturer: GenesysLogic
Feb 19 20:17:05 basegnss kernel: [    4.382932] hub 1-1.2:1.0: USB hub found
Feb 19 20:17:05 basegnss kernel: [    4.386681] hub 1-1.2:1.0: 4 ports detected
Feb 19 20:17:05 basegnss kernel: [    4.731409] usb 1-1.2.1: new full-speed USB device number 5 using dwc_otg
Feb 19 20:17:05 basegnss kernel: [    4.838524] NET: Registered PF_INET6 protocol family
Feb 19 20:17:05 basegnss kernel: [    4.843627] Segment Routing with IPv6
Feb 19 20:17:05 basegnss kernel: [    4.846996] In-situ OAM (IOAM) with IPv6
Feb 19 20:17:05 basegnss kernel: [    4.885703] usb 1-1.2.1: New USB device found, idVendor=1546, idProduct=01a9, bcdDevice= 1.00
Feb 19 20:17:05 basegnss kernel: [    4.900678] usb 1-1.2.1: New USB device strings: Mfr=1, Product=2, SerialNumber=0
Feb 19 20:17:05 basegnss kernel: [    4.904129] usb 1-1.2.1: Product: u-blox GNSS receiver
Feb 19 20:17:05 basegnss kernel: [    4.907631] usb 1-1.2.1: Manufacturer: u-blox AG - www.u-blox.com
Feb 19 20:17:05 basegnss kernel: [    4.981351] usb 1-1.1.1: new high-speed USB device number 6 using dwc_otg
Feb 19 20:17:05 basegnss kernel: [    5.112170] usb 1-1.1.1: New USB device found, idVendor=0424, idProduct=7800, bcdDevice= 3.00
Feb 19 20:17:05 basegnss kernel: [    5.119542] usb 1-1.1.1: New USB device strings: Mfr=0, Product=0, SerialNumber=0
Feb 19 20:17:05 basegnss kernel: [    5.231391] usb 1-1.2.2: new high-speed USB device number 7 using dwc_otg
Feb 19 20:17:05 basegnss kernel: [    5.394026] lan78xx 1-1.1.1:1.0 (unnamed net_device) (uninitialized): No External EEPROM. Setting MAC Speed
Feb 19 20:17:05 basegnss kernel: [    5.427944] lan78xx 1-1.1.1:1.0 (unnamed net_device) (uninitialized): int urb period 64
Feb 19 20:17:05 basegnss kernel: [    6.687432] fuse: init (API version 7.34)
Feb 19 20:17:05 basegnss kernel: [    7.310560] EXT4-fs (mmcblk0p2): re-mounted. Opts: (null). Quota mode: none.
Feb 19 20:17:05 basegnss kernel: [    8.789417] vc_sm_cma: module is from the staging directory, the quality is unknown, you have been warned.
Feb 19 20:17:05 basegnss kernel: [    8.797866] bcm2835_vc_sm_cma_probe: Videocore shared memory driver
Feb 19 20:17:05 basegnss kernel: [    8.797913] [vc_sm_connected_init]: start
Feb 19 20:17:05 basegnss kernel: [    8.812803] [vc_sm_connected_init]: installed successfully
Feb 19 20:17:05 basegnss kernel: [    8.824008] mc: Linux media interface: v0.10
Feb 19 20:17:05 basegnss kernel: [    8.928625] videodev: Linux video capture interface: v2.00
Feb 19 20:17:05 basegnss kernel: [    9.079354] bcm2835_mmal_vchiq: module is from the staging directory, the quality is unknown, you have been warned.
Feb 19 20:17:05 basegnss kernel: [    9.079930] bcm2835_mmal_vchiq: module is from the staging directory, the quality is unknown, you have been warned.
Feb 19 20:17:05 basegnss kernel: [    9.098717] bcm2835_isp: module is from the staging directory, the quality is unknown, you have been warned.
Feb 19 20:17:05 basegnss kernel: [    9.113174] bcm2835-isp bcm2835-isp: Device node output[0] registered as /dev/video13
Feb 19 20:17:05 basegnss kernel: [    9.113758] bcm2835-isp bcm2835-isp: Device node capture[0] registered as /dev/video14
Feb 19 20:17:05 basegnss kernel: [    9.114223] bcm2835-isp bcm2835-isp: Device node capture[1] registered as /dev/video15
Feb 19 20:17:05 basegnss kernel: [    9.114627] bcm2835-isp bcm2835-isp: Device node stats[2] registered as /dev/video16
Feb 19 20:17:05 basegnss kernel: [    9.114665] bcm2835-isp bcm2835-isp: Register output node 0 with media controller
Feb 19 20:17:05 basegnss kernel: [    9.114693] bcm2835-isp bcm2835-isp: Register capture node 1 with media controller
Feb 19 20:17:05 basegnss kernel: [    9.114716] bcm2835-isp bcm2835-isp: Register capture node 2 with media controller
Feb 19 20:17:05 basegnss kernel: [    9.114737] bcm2835-isp bcm2835-isp: Register capture node 3 with media controller
Feb 19 20:17:05 basegnss kernel: [    9.130504] bcm2835-isp bcm2835-isp: Device node output[0] registered as /dev/video20
Feb 19 20:17:05 basegnss kernel: [    9.131154] bcm2835-isp bcm2835-isp: Device node capture[0] registered as /dev/video21
Feb 19 20:17:05 basegnss kernel: [    9.135288] bcm2835-isp bcm2835-isp: Device node capture[1] registered as /dev/video22
Feb 19 20:17:05 basegnss kernel: [    9.137445] bcm2835-isp bcm2835-isp: Device node stats[2] registered as /dev/video23
Feb 19 20:17:05 basegnss kernel: [    9.137573] bcm2835-isp bcm2835-isp: Register output node 0 with media controller
Feb 19 20:17:05 basegnss kernel: [    9.137687] bcm2835-isp bcm2835-isp: Register capture node 1 with media controller
Feb 19 20:17:05 basegnss kernel: [    9.137781] bcm2835-isp bcm2835-isp: Register capture node 2 with media controller
Feb 19 20:17:05 basegnss kernel: [    9.138064] bcm2835-isp bcm2835-isp: Register capture node 3 with media controller
Feb 19 20:17:05 basegnss kernel: [    9.139207] bcm2835-isp bcm2835-isp: Loaded V4L2 bcm2835-isp
Feb 19 20:17:05 basegnss kernel: [    9.171969] bcm2835_codec: module is from the staging directory, the quality is unknown, you have been warned.
Feb 19 20:17:05 basegnss kernel: [    9.179177] snd_bcm2835: module is from the staging directory, the quality is unknown, you have been warned.
Feb 19 20:17:05 basegnss kernel: [    9.179464] bcm2835-codec bcm2835-codec: Device registered as /dev/video10
Feb 19 20:17:05 basegnss kernel: [    9.179518] bcm2835-codec bcm2835-codec: Loaded V4L2 decode
Feb 19 20:17:05 basegnss kernel: [    9.182733] bcm2835-codec bcm2835-codec: Device registered as /dev/video11
Feb 19 20:17:05 basegnss kernel: [    9.182791] bcm2835-codec bcm2835-codec: Loaded V4L2 encode
Feb 19 20:17:05 basegnss kernel: [    9.185247] bcm2835_v4l2: module is from the staging directory, the quality is unknown, you have been warned.
Feb 19 20:17:05 basegnss kernel: [    9.187650] bcm2835-codec bcm2835-codec: Device registered as /dev/video12
Feb 19 20:17:05 basegnss kernel: [    9.187733] bcm2835-codec bcm2835-codec: Loaded V4L2 isp
Feb 19 20:17:05 basegnss kernel: [    9.190431] bcm2835-codec bcm2835-codec: Device registered as /dev/video18
Feb 19 20:17:05 basegnss kernel: [    9.190494] bcm2835-codec bcm2835-codec: Loaded V4L2 image_fx
Feb 19 20:17:05 basegnss kernel: [    9.199353] bcm2835-codec bcm2835-codec: Device registered as /dev/video31
Feb 19 20:17:05 basegnss kernel: [    9.199416] bcm2835-codec bcm2835-codec: Loaded V4L2 encode_image
Feb 19 20:17:05 basegnss kernel: [    9.201160] bcm2835_audio bcm2835_audio: card created with 8 channels
Feb 19 20:17:05 basegnss kernel: [    9.952319] cfg80211: Loading compiled-in X.509 certificates for regulatory database
Feb 19 20:17:05 basegnss kernel: [   10.063457] cfg80211: Loaded X.509 cert 'sforshee: 00b28ddf47aef9cea7'
Feb 19 20:17:05 basegnss kernel: [   10.114211] cfg80211: loaded regulatory.db is malformed or signature is missing/invalid
Feb 19 20:17:05 basegnss kernel: [   10.433319] fb0: switching to vc4 from simple
Feb 19 20:17:05 basegnss kernel: [   10.438972] Console: switching to colour dummy device 80x30
Feb 19 20:17:05 basegnss kernel: [   10.454201] vc4-drm soc:gpu: bound 3f400000.hvs (ops vc4_hvs_ops [vc4])
Feb 19 20:17:05 basegnss kernel: [   10.457995] Registered IR keymap rc-cec
Feb 19 20:17:05 basegnss kernel: [   10.458279] rc rc0: vc4 as /devices/platform/soc/3f902000.hdmi/rc/rc0
Feb 19 20:17:05 basegnss kernel: [   10.458572] input: vc4 as /devices/platform/soc/3f902000.hdmi/rc/rc0/input0
Feb 19 20:17:05 basegnss kernel: [   10.459257] brcmfmac: brcmf_fw_alloc_request: using brcm/brcmfmac43455-sdio for chip BCM4345/6
Feb 19 20:17:05 basegnss kernel: [   10.460146] usbcore: registered new interface driver brcmfmac
Feb 19 20:17:05 basegnss kernel: [   10.482157] vc4-drm soc:gpu: bound 3f902000.hdmi (ops vc4_hdmi_ops [vc4])
Feb 19 20:17:05 basegnss kernel: [   10.482768] vc4-drm soc:gpu: bound 3f004000.txp (ops vc4_txp_ops [vc4])
Feb 19 20:17:05 basegnss kernel: [   10.483249] vc4-drm soc:gpu: bound 3f206000.pixelvalve (ops vc4_crtc_ops [vc4])
Feb 19 20:17:05 basegnss kernel: [   10.483693] vc4-drm soc:gpu: bound 3f207000.pixelvalve (ops vc4_crtc_ops [vc4])
Feb 19 20:17:05 basegnss kernel: [   10.484193] vc4-drm soc:gpu: bound 3f807000.pixelvalve (ops vc4_crtc_ops [vc4])
Feb 19 20:17:05 basegnss kernel: [   10.484596] vc4-drm soc:gpu: bound 3fc00000.v3d (ops vc4_v3d_ops [vc4])
Feb 19 20:17:05 basegnss kernel: [   10.500776] [drm] Initialized vc4 0.0.0 20140616 for soc:gpu on minor 0
Feb 19 20:17:05 basegnss kernel: [   10.501362] vc4-drm soc:gpu: [drm] Cannot find any crtc or sizes
Feb 19 20:17:05 basegnss kernel: [   10.797888] brcmfmac: brcmf_fw_alloc_request: using brcm/brcmfmac43455-sdio for chip BCM4345/6
Feb 19 20:17:05 basegnss kernel: [   10.830916] brcmfmac: brcmf_c_preinit_dcmds: Firmware: BCM4345/6 wl0: Nov  1 2021 00:37:25 version 7.45.241 (1a2f2fa CY) FWID 01-703fd60
Feb 19 20:17:05 basegnss kernel: [   11.195173] 8021q: 802.1Q VLAN Support v1.8
Feb 19 20:17:05 basegnss kernel: [   11.245165] uart-pl011 3f201000.serial: no DMA platform data
Feb 19 20:17:05 basegnss kernel: [   11.359084] Adding 102396k swap on /var/swap.  Priority:-2 extents:1 across:102396k SSFS
Feb 19 20:17:07 basegnss kernel: [   12.902445] brcmfmac: brcmf_cfg80211_set_power_mgmt: power save enabled
Feb 19 20:17:07 basegnss kernel: [   13.241290] usb 1-1.2.2: new high-speed USB device number 8 using dwc_otg
Feb 19 20:17:09 basegnss kernel: [   15.061512] usb 1-1.2-port2: attempt power cycle
Feb 19 20:17:10 basegnss kernel: [   16.561345] usb 1-1.2.2: new high-speed USB device number 10 using dwc_otg
Feb 19 20:17:13 basegnss kernel: [   18.821847] IPv6: ADDRCONF(NETDEV_CHANGE): wlan0: link becomes ready
Feb 19 20:17:13 basegnss kernel: [   19.502434] Bluetooth: Core ver 2.22
Feb 19 20:17:13 basegnss kernel: [   19.502531] NET: Registered PF_BLUETOOTH protocol family
Feb 19 20:17:13 basegnss kernel: [   19.502538] Bluetooth: HCI device and connection manager initialized
Feb 19 20:17:13 basegnss kernel: [   19.502558] Bluetooth: HCI socket layer initialized
Feb 19 20:17:13 basegnss kernel: [   19.502568] Bluetooth: L2CAP socket layer initialized
Feb 19 20:17:13 basegnss kernel: [   19.502585] Bluetooth: SCO socket layer initialized
Feb 19 20:17:13 basegnss kernel: [   19.517315] Bluetooth: HCI UART driver ver 2.3
Feb 19 20:17:13 basegnss kernel: [   19.517337] Bluetooth: HCI UART protocol H4 registered
Feb 19 20:17:13 basegnss kernel: [   19.517406] Bluetooth: HCI UART protocol Three-wire (H5) registered
Feb 19 20:17:13 basegnss kernel: [   19.517579] Bluetooth: HCI UART protocol Broadcom registered
Feb 19 20:17:14 basegnss kernel: [   19.825507] Bluetooth: BNEP (Ethernet Emulation) ver 1.3
Feb 19 20:17:14 basegnss kernel: [   19.825531] Bluetooth: BNEP filters: protocol multicast
Feb 19 20:17:14 basegnss kernel: [   19.825550] Bluetooth: BNEP socket layer initialized
Feb 19 20:17:14 basegnss kernel: [   19.843377] NET: Registered PF_ALG protocol family
Feb 19 20:17:14 basegnss kernel: [   19.870205] cryptd: max_cpu_qlen set to 1000
Feb 19 20:17:15 basegnss kernel: [   20.951734] vc4-drm soc:gpu: [drm] Cannot find any crtc or sizes
Feb 19 20:17:21 basegnss mtp-probe: bus: 1, device: 6 was not an MTP device
Feb 19 20:17:21 basegnss mtp-probe: checking bus 1, device 5: "/sys/devices/platform/soc/3f980000.usb/usb1/1-1/1-1.2/1-1.2.1"
Feb 19 20:17:21 basegnss mtp-probe: bus: 1, device: 5 was not an MTP device
Feb 19 20:17:21 basegnss kernel: [   27.203066] cdc_acm 1-1.2.1:1.0: ttyACM0: USB ACM device
Feb 19 20:17:21 basegnss kernel: [   27.203224] usbcore: registered new interface driver cdc_acm
Feb 19 20:17:21 basegnss kernel: [   27.203236] cdc_acm: USB Abstract Control Model driver for USB modems and ISDN adapters
Feb 19 20:17:21 basegnss kernel: [   27.249210] 8021q: adding VLAN 0 to HW filter on device eth0
Feb 19 20:17:28 basegnss kernel: [   33.751453] cam-dummy-reg: disabling
Feb 19 20:17:05 basegnss kernel: [    0.000000] Booting Linux on physical CPU 0x0
Feb 19 20:17:05 basegnss kernel: [    0.000000] Linux version 5.15.84-v7+ (dom@buildbot) (arm-linux-gnueabihf-gcc-8 (Ubuntu/Linaro 8.4.0-3ubuntu1) 8.4.0, GNU ld (GNU Binutils for Ubuntu) 2.34) #1613 SMP Thu Jan 5 11:59:48 GMT 2023
Feb 19 20:17:05 basegnss kernel: [    0.000000] CPU: ARMv7 Processor [410fd034] revision 4 (ARMv7), cr=10c5383d
Feb 19 20:17:05 basegnss kernel: [    0.000000] CPU: div instructions available: patching division code
Feb 19 20:17:05 basegnss kernel: [    0.000000] CPU: PIPT / VIPT nonaliasing data cache, VIPT aliasing instruction cache
Feb 19 20:17:05 basegnss kernel: [    0.000000] OF: fdt: Machine model: Raspberry Pi 3 Model B Plus Rev 1.3
Feb 19 20:17:05 basegnss kernel: [    0.000000] random: crng init done
Feb 19 20:17:05 basegnss kernel: [    0.000000] Memory policy: Data cache writealloc
Feb 19 20:17:05 basegnss kernel: [    0.000000] Reserved memory: created CMA memory pool at 0x1ec00000, size 256 MiB
Feb 19 20:17:05 basegnss kernel: [    0.000000] OF: reserved mem: initialized node linux,cma, compatible id shared-dma-pool
Feb 19 20:17:05 basegnss kernel: [    0.000000] Zone ranges:
Feb 19 20:17:05 basegnss kernel: [    0.000000]   DMA      [mem 0x0000000000000000-0x000000003b3fffff]
Feb 19 20:17:05 basegnss kernel: [    0.000000]   Normal   empty
Feb 19 20:17:05 basegnss kernel: [    0.000000] Movable zone start for each node
Feb 19 20:17:05 basegnss kernel: [    0.000000] Early memory node ranges
Feb 19 20:17:05 basegnss kernel: [    0.000000]   node   0: [mem 0x0000000000000000-0x000000003b3fffff]
Feb 19 20:17:05 basegnss kernel: [    0.000000] Initmem setup node 0 [mem 0x0000000000000000-0x000000003b3fffff]
Feb 19 20:17:05 basegnss kernel: [    0.000000] percpu: Embedded 16 pages/cpu s35724 r8192 d21620 u65536
Feb 19 20:17:05 basegnss kernel: [    0.000000] Built 1 zonelists, mobility grouping on.  Total pages: 240555
Feb 19 20:17:05 basegnss kernel: [    0.000000] Kernel command line: coherent_pool=1M 8250.nr_uarts=0 snd_bcm2835.enable_compat_alsa=0 snd_bcm2835.enable_hdmi=1 video=Composite-1:720x480@60i vc_mem.mem_base=0x3ec00000 vc_mem.mem_size=0x40000000  console=ttyS0,115200 console=tty1 root=PARTUUID=810c544c-02 rootfstype=ext4 fsck.repair=yes rootwait
Feb 19 20:17:05 basegnss kernel: [    0.000000] Dentry cache hash table entries: 131072 (order: 7, 524288 bytes, linear)
Feb 19 20:17:05 basegnss kernel: [    0.000000] Inode-cache hash table entries: 65536 (order: 6, 262144 bytes, linear)
Feb 19 20:17:05 basegnss kernel: [    0.000000] mem auto-init: stack:off, heap alloc:off, heap free:off
Feb 19 20:17:05 basegnss kernel: [    0.000000] Memory: 681100K/970752K available (10240K kernel code, 1337K rwdata, 3076K rodata, 1024K init, 569K bss, 27508K reserved, 262144K cma-reserved)
Feb 19 20:17:05 basegnss kernel: [    0.000000] SLUB: HWalign=64, Order=0-3, MinObjects=0, CPUs=4, Nodes=1
Feb 19 20:17:05 basegnss kernel: [    0.000000] ftrace: allocating 33312 entries in 98 pages
Feb 19 20:17:05 basegnss kernel: [    0.000000] ftrace: allocated 98 pages with 3 groups
Feb 19 20:17:05 basegnss kernel: [    0.000000] trace event string verifier disabled
Feb 19 20:17:05 basegnss kernel: [    0.000000] rcu: Hierarchical RCU implementation.
Feb 19 20:17:05 basegnss kernel: [    0.000000] 	Rude variant of Tasks RCU enabled.
Feb 19 20:17:05 basegnss kernel: [    0.000000] 	Tracing variant of Tasks RCU enabled.
Feb 19 20:17:05 basegnss kernel: [    0.000000] rcu: RCU calculated value of scheduler-enlistment delay is 10 jiffies.
Feb 19 20:17:05 basegnss kernel: [    0.000000] NR_IRQS: 16, nr_irqs: 16, preallocated irqs: 16
Feb 19 20:17:05 basegnss kernel: [    0.000000] arch_timer: cp15 timer(s) running at 19.20MHz (phys).
Feb 19 20:17:05 basegnss kernel: [    0.000000] clocksource: arch_sys_counter: mask: 0xffffffffffffff max_cycles: 0x46d987e47, max_idle_ns: 440795202767 ns
Feb 19 20:17:05 basegnss kernel: [    0.000001] sched_clock: 56 bits at 19MHz, resolution 52ns, wraps every 4398046511078ns
Feb 19 20:17:05 basegnss kernel: [    0.000024] Switching to timer-based delay loop, resolution 52ns
Feb 19 20:17:05 basegnss kernel: [    0.000423] Console: colour dummy device 80x30
Feb 19 20:17:05 basegnss kernel: [    0.001218] printk: console [tty1] enabled
Feb 19 20:17:05 basegnss kernel: [    0.001290] Calibrating delay loop (skipped), value calculated using timer frequency.. 38.40 BogoMIPS (lpj=192000)
Feb 19 20:17:05 basegnss kernel: [    0.001350] pid_max: default: 32768 minimum: 301
Feb 19 20:17:05 basegnss kernel: [    0.001532] LSM: Security Framework initializing
Feb 19 20:17:05 basegnss kernel: [    0.001784] Mount-cache hash table entries: 2048 (order: 1, 8192 bytes, linear)
Feb 19 20:17:05 basegnss kernel: [    0.001837] Mountpoint-cache hash table entries: 2048 (order: 1, 8192 bytes, linear)
Feb 19 20:17:05 basegnss kernel: [    0.003415] cgroup: Disabling memory control group subsystem
Feb 19 20:17:05 basegnss kernel: [    0.003722] CPU: Testing write buffer coherency: ok
Feb 19 20:17:05 basegnss kernel: [    0.004273] CPU0: thread -1, cpu 0, socket 0, mpidr 80000000
Feb 19 20:17:05 basegnss kernel: [    0.005775] Setting up static identity map for 0x100000 - 0x10003c
Feb 19 20:17:05 basegnss kernel: [    0.005985] rcu: Hierarchical SRCU implementation.
Feb 19 20:17:05 basegnss kernel: [    0.006994] smp: Bringing up secondary CPUs ...
Feb 19 20:17:05 basegnss kernel: [    0.008180] CPU1: thread -1, cpu 1, socket 0, mpidr 80000001
Feb 19 20:17:05 basegnss kernel: [    0.009488] CPU2: thread -1, cpu 2, socket 0, mpidr 80000002
Feb 19 20:17:05 basegnss kernel: [    0.010784] CPU3: thread -1, cpu 3, socket 0, mpidr 80000003
Feb 19 20:17:05 basegnss kernel: [    0.010946] smp: Brought up 1 node, 4 CPUs
Feb 19 20:17:05 basegnss kernel: [    0.011048] SMP: Total of 4 processors activated (153.60 BogoMIPS).
Feb 19 20:17:05 basegnss kernel: [    0.011086] CPU: All CPU(s) started in HYP mode.
Feb 19 20:17:05 basegnss kernel: [    0.011113] CPU: Virtualization extensions available.
Feb 19 20:17:05 basegnss kernel: [    0.012053] devtmpfs: initialized
Feb 19 20:17:05 basegnss kernel: [    0.030310] VFP support v0.3: implementor 41 architecture 3 part 40 variant 3 rev 4
Feb 19 20:17:05 basegnss kernel: [    0.030567] clocksource: jiffies: mask: 0xffffffff max_cycles: 0xffffffff, max_idle_ns: 19112604462750000 ns
Feb 19 20:17:05 basegnss kernel: [    0.030634] futex hash table entries: 1024 (order: 4, 65536 bytes, linear)
Feb 19 20:17:05 basegnss kernel: [    0.042434] pinctrl core: initialized pinctrl subsystem
Feb 19 20:17:05 basegnss kernel: [    0.043826] NET: Registered PF_NETLINK/PF_ROUTE protocol family
Feb 19 20:17:05 basegnss kernel: [    0.048323] DMA: preallocated 1024 KiB pool for atomic coherent allocations
Feb 19 20:17:05 basegnss kernel: [    0.053921] audit: initializing netlink subsys (disabled)
Feb 19 20:17:05 basegnss kernel: [    0.054241] audit: type=2000 audit(0.050:1): state=initialized audit_enabled=0 res=1
Feb 19 20:17:05 basegnss kernel: [    0.054899] thermal_sys: Registered thermal governor 'step_wise'
Feb 19 20:17:05 basegnss kernel: [    0.055859] hw-breakpoint: found 5 (+1 reserved) breakpoint and 4 watchpoint registers.
Feb 19 20:17:05 basegnss kernel: [    0.055927] hw-breakpoint: maximum watchpoint size is 8 bytes.
Feb 19 20:17:05 basegnss kernel: [    0.056227] Serial: AMBA PL011 UART driver
Feb 19 20:17:05 basegnss kernel: [    0.066201] bcm2835-mbox 3f00b880.mailbox: mailbox enabled
Feb 19 20:17:05 basegnss kernel: [    0.090106] raspberrypi-firmware soc:firmware: Attached to firmware from 2023-01-05T10:48:31, variant start
Feb 19 20:17:05 basegnss kernel: [    0.100123] raspberrypi-firmware soc:firmware: Firmware hash is 8ba17717fbcedd4c3b6d4bce7e50c7af4155cba9
Feb 19 20:17:05 basegnss kernel: [    0.149337] Kprobes globally optimized
Feb 19 20:17:05 basegnss kernel: [    0.154929] bcm2835-dma 3f007000.dma: DMA legacy API manager, dmachans=0x1
Feb 19 20:17:05 basegnss kernel: [    0.157254] SCSI subsystem initialized
Feb 19 20:17:05 basegnss kernel: [    0.157533] usbcore: registered new interface driver usbfs
Feb 19 20:17:05 basegnss kernel: [    0.157643] usbcore: registered new interface driver hub
Feb 19 20:17:05 basegnss kernel: [    0.157735] usbcore: registered new device driver usb
Feb 19 20:17:05 basegnss kernel: [    0.158111] usb_phy_generic phy: supply vcc not found, using dummy regulator
Feb 19 20:17:05 basegnss kernel: [    0.158321] usb_phy_generic phy: dummy supplies not allowed for exclusive requests
Feb 19 20:17:05 basegnss kernel: [    0.158617] pps_core: LinuxPPS API ver. 1 registered
Feb 19 20:17:05 basegnss kernel: [    0.158650] pps_core: Software ver. 5.3.6 - Copyright 2005-2007 Rodolfo Giometti <giometti@linux.it>
Feb 19 20:17:05 basegnss kernel: [    0.158709] PTP clock support registered
Feb 19 20:17:05 basegnss kernel: [    0.161244] clocksource: Switched to clocksource arch_sys_counter
Feb 19 20:17:05 basegnss kernel: [    0.231995] VFS: Disk quotas dquot_6.6.0
Feb 19 20:17:05 basegnss kernel: [    0.232145] VFS: Dquot-cache hash table entries: 1024 (order 0, 4096 bytes)
Feb 19 20:17:05 basegnss kernel: [    0.232381] FS-Cache: Loaded
Feb 19 20:17:05 basegnss kernel: [    0.232629] CacheFiles: Loaded
Feb 19 20:17:05 basegnss kernel: [    0.233468] simple-framebuffer 3eaa9000.framebuffer: framebuffer at 0x3eaa9000, 0x151800 bytes
Feb 19 20:17:05 basegnss kernel: [    0.233520] simple-framebuffer 3eaa9000.framebuffer: format=a8r8g8b8, mode=720x480x32, linelength=2880
Feb 19 20:17:05 basegnss kernel: [    0.239710] Console: switching to colour frame buffer device 90x30
Feb 19 20:17:05 basegnss kernel: [    0.248365] simple-framebuffer 3eaa9000.framebuffer: fb0: simplefb registered!
Feb 19 20:17:05 basegnss kernel: [    0.261149] NET: Registered PF_INET protocol family
Feb 19 20:17:05 basegnss kernel: [    0.264699] IP idents hash table entries: 16384 (order: 5, 131072 bytes, linear)
Feb 19 20:17:05 basegnss kernel: [    0.269639] tcp_listen_portaddr_hash hash table entries: 512 (order: 0, 6144 bytes, linear)
Feb 19 20:17:05 basegnss kernel: [    0.276240] Table-perturb hash table entries: 65536 (order: 6, 262144 bytes, linear)
Feb 19 20:17:05 basegnss kernel: [    0.279823] TCP established hash table entries: 8192 (order: 3, 32768 bytes, linear)
Feb 19 20:17:05 basegnss kernel: [    0.283593] TCP bind hash table entries: 8192 (order: 4, 65536 bytes, linear)
Feb 19 20:17:05 basegnss kernel: [    0.287412] TCP: Hash tables configured (established 8192 bind 8192)
Feb 19 20:17:05 basegnss kernel: [    0.291280] UDP hash table entries: 512 (order: 2, 16384 bytes, linear)
Feb 19 20:17:05 basegnss kernel: [    0.294989] UDP-Lite hash table entries: 512 (order: 2, 16384 bytes, linear)
Feb 19 20:17:05 basegnss kernel: [    0.298942] NET: Registered PF_UNIX/PF_LOCAL protocol family
Feb 19 20:17:05 basegnss kernel: [    0.303493] RPC: Registered named UNIX socket transport module.
Feb 19 20:17:05 basegnss kernel: [    0.307096] RPC: Registered udp transport module.
Feb 19 20:17:05 basegnss kernel: [    0.310652] RPC: Registered tcp transport module.
Feb 19 20:17:05 basegnss kernel: [    0.314130] RPC: Registered tcp NFSv4.1 backchannel transport module.
Feb 19 20:17:05 basegnss kernel: [    1.870302] hw perfevents: enabled with armv7_cortex_a7 PMU driver, 7 counters available
Feb 19 20:17:05 basegnss kernel: [    1.909841] Initialise system trusted keyrings
Feb 19 20:17:05 basegnss kernel: [    1.913824] workingset: timestamp_bits=14 max_order=18 bucket_order=4
Feb 19 20:17:05 basegnss kernel: [    1.927299] zbud: loaded
Feb 19 20:17:05 basegnss kernel: [    1.932954] FS-Cache: Netfs 'nfs' registered for caching
Feb 19 20:17:05 basegnss kernel: [    1.937394] NFS: Registering the id_resolver key type
Feb 19 20:17:05 basegnss kernel: [    1.940835] Key type id_resolver registered
Feb 19 20:17:05 basegnss kernel: [    1.944189] Key type id_legacy registered
Feb 19 20:17:05 basegnss kernel: [    1.947533] nfs4filelayout_init: NFSv4 File Layout Driver Registering...
Feb 19 20:17:05 basegnss kernel: [    1.950812] nfs4flexfilelayout_init: NFSv4 Flexfile Layout Driver Registering...
Feb 19 20:17:05 basegnss kernel: [    1.955343] Key type asymmetric registered
Feb 19 20:17:05 basegnss kernel: [    1.958542] Asymmetric key parser 'x509' registered
Feb 19 20:17:05 basegnss kernel: [    1.961771] Block layer SCSI generic (bsg) driver version 0.4 loaded (major 247)
Feb 19 20:17:05 basegnss kernel: [    1.964936] io scheduler mq-deadline registered
Feb 19 20:17:05 basegnss kernel: [    1.968044] io scheduler kyber registered
Feb 19 20:17:05 basegnss kernel: [    1.982180] bcm2835-rng 3f104000.rng: hwrng registered
Feb 19 20:17:05 basegnss kernel: [    1.985779] vc-mem: phys_addr:0x00000000 mem_base=0x3ec00000 mem_size:0x40000000(1024 MiB)
Feb 19 20:17:05 basegnss kernel: [    1.993075] gpiomem-bcm2835 3f200000.gpiomem: Initialised: Registers at 0x3f200000
Feb 19 20:17:05 basegnss kernel: [    2.008345] brd: module loaded
Feb 19 20:17:05 basegnss kernel: [    2.021370] loop: module loaded
Feb 19 20:17:05 basegnss kernel: [    2.025190] Loading iSCSI transport class v2.0-870.
Feb 19 20:17:05 basegnss kernel: [    2.030317] usbcore: registered new interface driver lan78xx
Feb 19 20:17:05 basegnss kernel: [    2.033692] usbcore: registered new interface driver smsc95xx
Feb 19 20:17:05 basegnss kernel: [    2.036812] dwc_otg: version 3.00a 10-AUG-2012 (platform bus)
Feb 19 20:17:05 basegnss kernel: [    2.768082] Core Release: 2.80a
Feb 19 20:17:05 basegnss kernel: [    2.771084] Setting default values for core params
Feb 19 20:17:05 basegnss kernel: [    2.774118] Finished setting default values for core params
Feb 19 20:17:05 basegnss kernel: [    2.977452] Using Buffer DMA mode
Feb 19 20:17:05 basegnss kernel: [    2.980393] Periodic Transfer Interrupt Enhancement - disabled
Feb 19 20:17:05 basegnss kernel: [    2.983437] Multiprocessor Interrupt Enhancement - disabled
Feb 19 20:17:05 basegnss kernel: [    2.986466] OTG VER PARAM: 0, OTG VER FLAG: 0
Feb 19 20:17:05 basegnss kernel: [    2.989554] Dedicated Tx FIFOs mode
Feb 19 20:17:05 basegnss kernel: [    2.993939] 
Feb 19 20:17:05 basegnss kernel: [    2.993951] WARN::dwc_otg_hcd_init:1074: FIQ DMA bounce buffers: virt = 9ed04000 dma = 0xded04000 len=9024
Feb 19 20:17:05 basegnss kernel: [    3.002811] FIQ FSM acceleration enabled for :
Feb 19 20:17:05 basegnss kernel: [    3.002811] Non-periodic Split Transactions
Feb 19 20:17:05 basegnss kernel: [    3.002811] Periodic Split Transactions
Feb 19 20:17:05 basegnss kernel: [    3.002811] High-Speed Isochronous Endpoints
Feb 19 20:17:05 basegnss kernel: [    3.002811] Interrupt/Control Split Transaction hack enabled
Feb 19 20:17:05 basegnss kernel: [    3.017319] 
Feb 19 20:17:05 basegnss kernel: [    3.017326] WARN::hcd_init_fiq:457: FIQ on core 1
Feb 19 20:17:05 basegnss kernel: [    3.022616] 
Feb 19 20:17:05 basegnss kernel: [    3.022621] WARN::hcd_init_fiq:458: FIQ ASM at 807fc54c length 36
Feb 19 20:17:05 basegnss kernel: [    3.027769] 
Feb 19 20:17:05 basegnss kernel: [    3.027773] WARN::hcd_init_fiq:497: MPHI regs_base at bb810000
Feb 19 20:17:05 basegnss kernel: [    3.033033] dwc_otg 3f980000.usb: DWC OTG Controller
Feb 19 20:17:05 basegnss kernel: [    3.035817] dwc_otg 3f980000.usb: new USB bus registered, assigned bus number 1
Feb 19 20:17:05 basegnss kernel: [    3.038662] dwc_otg 3f980000.usb: irq 89, io mem 0x00000000
Feb 19 20:17:05 basegnss kernel: [    3.041491] Init: Port Power? op_state=1
Feb 19 20:17:05 basegnss kernel: [    3.044220] Init: Power Port (0)
Feb 19 20:17:05 basegnss kernel: [    3.047233] usb usb1: New USB device found, idVendor=1d6b, idProduct=0002, bcdDevice= 5.15
Feb 19 20:17:05 basegnss kernel: [    3.052770] usb usb1: New USB device strings: Mfr=3, Product=2, SerialNumber=1
Feb 19 20:17:05 basegnss kernel: [    3.055700] usb usb1: Product: DWC OTG Controller
Feb 19 20:17:05 basegnss kernel: [    3.058577] usb usb1: Manufacturer: Linux 5.15.84-v7+ dwc_otg_hcd
Feb 19 20:17:05 basegnss kernel: [    3.061530] usb usb1: SerialNumber: 3f980000.usb
Feb 19 20:17:05 basegnss kernel: [    3.065232] hub 1-0:1.0: USB hub found
Feb 19 20:17:05 basegnss kernel: [    3.068138] hub 1-0:1.0: 1 port detected
Feb 19 20:17:05 basegnss kernel: [    3.072219] usbcore: registered new interface driver usb-storage
Feb 19 20:17:05 basegnss kernel: [    3.075212] mousedev: PS/2 mouse device common for all mice
Feb 19 20:17:05 basegnss kernel: [    3.081972] sdhci: Secure Digital Host Controller Interface driver
Feb 19 20:17:05 basegnss kernel: [    3.084862] sdhci: Copyright(c) Pierre Ossman
Feb 19 20:17:05 basegnss kernel: [    3.088229] sdhci-pltfm: SDHCI platform and OF driver helper
Feb 19 20:17:05 basegnss kernel: [    3.093896] ledtrig-cpu: registered to indicate activity on CPUs
Feb 19 20:17:05 basegnss kernel: [    3.097141] hid: raw HID events driver (C) Jiri Kosina
Feb 19 20:17:05 basegnss kernel: [    3.100221] usbcore: registered new interface driver usbhid
Feb 19 20:17:05 basegnss kernel: [    3.103220] usbhid: USB HID core driver
Feb 19 20:17:05 basegnss kernel: [    3.111815] Initializing XFRM netlink socket
Feb 19 20:17:05 basegnss kernel: [    3.114760] NET: Registered PF_PACKET protocol family
Feb 19 20:17:05 basegnss kernel: [    3.117839] Key type dns_resolver registered
Feb 19 20:17:05 basegnss kernel: [    3.121319] Registering SWP/SWPB emulation handler
Feb 19 20:17:05 basegnss kernel: [    3.124876] registered taskstats version 1
Feb 19 20:17:05 basegnss kernel: [    3.127713] Loading compiled-in X.509 certificates
Feb 19 20:17:05 basegnss kernel: [    3.131423] Key type .fscrypt registered
Feb 19 20:17:05 basegnss kernel: [    3.134247] Key type fscrypt-provisioning registered
Feb 19 20:17:05 basegnss kernel: [    3.148776] uart-pl011 3f201000.serial: cts_event_workaround enabled
Feb 19 20:17:05 basegnss kernel: [    3.151772] 3f201000.serial: ttyAMA0 at MMIO 0x3f201000 (irq = 114, base_baud = 0) is a PL011 rev2
Feb 19 20:17:05 basegnss kernel: [    3.159929] bcm2835-wdt bcm2835-wdt: Broadcom BCM2835 watchdog timer
Feb 19 20:17:05 basegnss kernel: [    3.163294] bcm2835-power bcm2835-power: Broadcom BCM2835 power domains driver
Feb 19 20:17:05 basegnss kernel: [    3.167946] mmc-bcm2835 3f300000.mmcnr: mmc_debug:0 mmc_debug2:0
Feb 19 20:17:05 basegnss kernel: [    3.170889] mmc-bcm2835 3f300000.mmcnr: DMA channel allocated
Feb 19 20:17:05 basegnss kernel: [    3.191412] Indeed it is in host mode hprt0 = 00021501
Feb 19 20:17:05 basegnss kernel: [    3.256469] sdhost: log_buf @ b6c2f651 (ded03000)
Feb 19 20:17:05 basegnss kernel: [    3.309843] mmc0: sdhost-bcm2835 loaded - DMA enabled (>1)
Feb 19 20:17:05 basegnss kernel: [    3.335465] of_cfs_init
Feb 19 20:17:05 basegnss kernel: [    3.338452] of_cfs_init: OK
Feb 19 20:17:05 basegnss kernel: [    3.339349] mmc1: new high speed SDIO card at address 0001
Feb 19 20:17:05 basegnss kernel: [    3.345564] Waiting for root device PARTUUID=810c544c-02...
Feb 19 20:17:05 basegnss kernel: [    3.378994] mmc0: host does not support reading read-only switch, assuming write-enable
Feb 19 20:17:05 basegnss kernel: [    3.385375] mmc0: new high speed SDHC card at address 5048
Feb 19 20:17:05 basegnss kernel: [    3.389241] mmcblk0: mmc0:5048 SD32G 29.0 GiB 
Feb 19 20:17:05 basegnss kernel: [    3.396739]  mmcblk0: p1 p2
Feb 19 20:17:05 basegnss kernel: [    3.400276] mmcblk0: mmc0:5048 SD32G 29.0 GiB
Feb 19 20:17:05 basegnss kernel: [    3.401340] usb 1-1: new high-speed USB device number 2 using dwc_otg
Feb 19 20:17:05 basegnss kernel: [    3.406381] Indeed it is in host mode hprt0 = 00001101
Feb 19 20:17:05 basegnss kernel: [    3.480105] EXT4-fs (mmcblk0p2): INFO: recovery required on readonly filesystem
Feb 19 20:17:05 basegnss kernel: [    3.483293] EXT4-fs (mmcblk0p2): write access will be enabled during recovery
Feb 19 20:17:05 basegnss kernel: [    3.612351] EXT4-fs (mmcblk0p2): recovery complete
Feb 19 20:17:05 basegnss kernel: [    3.618243] EXT4-fs (mmcblk0p2): mounted filesystem with ordered data mode. Opts: (null). Quota mode: none.
Feb 19 20:17:05 basegnss kernel: [    3.624560] VFS: Mounted root (ext4 filesystem) readonly on device 179:2.
Feb 19 20:17:05 basegnss kernel: [    3.637092] devtmpfs: mounted
Feb 19 20:17:05 basegnss kernel: [    3.641580] usb 1-1: New USB device found, idVendor=0424, idProduct=2514, bcdDevice= b.b3
Feb 19 20:17:05 basegnss kernel: [    3.647768] usb 1-1: New USB device strings: Mfr=0, Product=0, SerialNumber=0
Feb 19 20:17:05 basegnss kernel: [    3.652434] hub 1-1:1.0: USB hub found
Feb 19 20:17:05 basegnss kernel: [    3.653021] Freeing unused kernel image (initmem) memory: 1024K
Feb 19 20:17:05 basegnss kernel: [    3.655749] hub 1-1:1.0: 4 ports detected
Feb 19 20:17:05 basegnss kernel: [    3.662692] Run /sbin/init as init process
Feb 19 20:17:05 basegnss kernel: [    3.991332] usb 1-1.1: new high-speed USB device number 3 using dwc_otg
Feb 19 20:17:05 basegnss kernel: [    4.121577] usb 1-1.1: New USB device found, idVendor=0424, idProduct=2514, bcdDevice= b.b3
Feb 19 20:17:05 basegnss kernel: [    4.128444] usb 1-1.1: New USB device strings: Mfr=0, Product=0, SerialNumber=0
Feb 19 20:17:05 basegnss kernel: [    4.132844] hub 1-1.1:1.0: USB hub found
Feb 19 20:17:05 basegnss kernel: [    4.136337] hub 1-1.1:1.0: 3 ports detected
Feb 19 20:17:05 basegnss kernel: [    4.231293] usb 1-1.2: new high-speed USB device number 4 using dwc_otg
Feb 19 20:17:05 basegnss kernel: [    4.364149] usb 1-1.2: New USB device found, idVendor=05e3, idProduct=0610, bcdDevice= 6.56
Feb 19 20:17:05 basegnss kernel: [    4.371147] usb 1-1.2: New USB device strings: Mfr=1, Product=2, SerialNumber=0
Feb 19 20:17:05 basegnss kernel: [    4.374787] usb 1-1.2: Product: USB2.1 Hub
Feb 19 20:17:05 basegnss kernel: [    4.378329] usb 1-1.2: Manufacturer: GenesysLogic
Feb 19 20:17:05 basegnss kernel: [    4.382829] hub 1-1.2:1.0: USB hub found
Feb 19 20:17:05 basegnss kernel: [    4.386634] hub 1-1.2:1.0: 4 ports detected
Feb 19 20:17:05 basegnss kernel: [    4.463813] NET: Registered PF_INET6 protocol family
Feb 19 20:17:05 basegnss kernel: [    4.468816] Segment Routing with IPv6
Feb 19 20:17:05 basegnss kernel: [    4.472150] In-situ OAM (IOAM) with IPv6
Feb 19 20:17:05 basegnss kernel: [    4.731362] usb 1-1.2.1: new full-speed USB device number 5 using dwc_otg
Feb 19 20:17:05 basegnss kernel: [    4.883727] usb 1-1.2.1: New USB device found, idVendor=1546, idProduct=01a9, bcdDevice= 1.00
Feb 19 20:17:05 basegnss kernel: [    4.890184] usb 1-1.2.1: New USB device strings: Mfr=1, Product=2, SerialNumber=0
Feb 19 20:17:05 basegnss kernel: [    4.893939] usb 1-1.2.1: Product: u-blox GNSS receiver
Feb 19 20:17:05 basegnss kernel: [    4.897360] usb 1-1.2.1: Manufacturer: u-blox AG - www.u-blox.com
Feb 19 20:17:05 basegnss kernel: [    4.981337] usb 1-1.1.1: new high-speed USB device number 6 using dwc_otg
Feb 19 20:17:05 basegnss kernel: [    5.112366] usb 1-1.1.1: New USB device found, idVendor=0424, idProduct=7800, bcdDevice= 3.00
Feb 19 20:17:05 basegnss kernel: [    5.118881] usb 1-1.1.1: New USB device strings: Mfr=0, Product=0, SerialNumber=0
Feb 19 20:17:05 basegnss kernel: [    5.231336] usb 1-1.2.2: new high-speed USB device number 7 using dwc_otg
Feb 19 20:17:05 basegnss kernel: [    5.389747] lan78xx 1-1.1.1:1.0 (unnamed net_device) (uninitialized): No External EEPROM. Setting MAC Speed
Feb 19 20:17:05 basegnss kernel: [    5.397627] usb 1-1.2.2: New USB device found, idVendor=16c0, idProduct=0483, bcdDevice= 2.81
Feb 19 20:17:05 basegnss kernel: [    5.405097] usb 1-1.2.2: New USB device strings: Mfr=1, Product=2, SerialNumber=3
Feb 19 20:17:05 basegnss kernel: [    5.409023] usb 1-1.2.2: Product: USB Serial
Feb 19 20:17:05 basegnss kernel: [    5.412832] usb 1-1.2.2: Manufacturer: Teensyduino
Feb 19 20:17:05 basegnss kernel: [    5.416523] usb 1-1.2.2: SerialNumber: 11165570
Feb 19 20:17:05 basegnss kernel: [    5.442251] lan78xx 1-1.1.1:1.0 (unnamed net_device) (uninitialized): int urb period 64
Feb 19 20:17:05 basegnss kernel: [    6.296097] fuse: init (API version 7.34)
Feb 19 20:17:05 basegnss kernel: [    6.897100] EXT4-fs (mmcblk0p2): re-mounted. Opts: (null). Quota mode: none.
Feb 19 20:17:05 basegnss kernel: [    8.391994] vc_sm_cma: module is from the staging directory, the quality is unknown, you have been warned.
Feb 19 20:17:05 basegnss kernel: [    8.394536] bcm2835_vc_sm_cma_probe: Videocore shared memory driver
Feb 19 20:17:05 basegnss kernel: [    8.394578] [vc_sm_connected_init]: start
Feb 19 20:17:05 basegnss kernel: [    8.400406] mc: Linux media interface: v0.10
Feb 19 20:17:05 basegnss kernel: [    8.407409] [vc_sm_connected_init]: installed successfully
Feb 19 20:17:05 basegnss kernel: [    8.608567] videodev: Linux video capture interface: v2.00
Feb 19 20:17:05 basegnss kernel: [    8.727451] snd_bcm2835: module is from the staging directory, the quality is unknown, you have been warned.
Feb 19 20:17:05 basegnss kernel: [    8.750196] bcm2835_audio bcm2835_audio: card created with 8 channels
Feb 19 20:17:05 basegnss kernel: [    8.763585] bcm2835_mmal_vchiq: module is from the staging directory, the quality is unknown, you have been warned.
Feb 19 20:17:05 basegnss kernel: [    8.768696] bcm2835_mmal_vchiq: module is from the staging directory, the quality is unknown, you have been warned.
Feb 19 20:17:05 basegnss kernel: [    8.769055] bcm2835_mmal_vchiq: module is from the staging directory, the quality is unknown, you have been warned.
Feb 19 20:17:05 basegnss kernel: [    8.825165] bcm2835_isp: module is from the staging directory, the quality is unknown, you have been warned.
Feb 19 20:17:05 basegnss kernel: [    8.837866] bcm2835_v4l2: module is from the staging directory, the quality is unknown, you have been warned.
Feb 19 20:17:05 basegnss kernel: [    8.901873] bcm2835-isp bcm2835-isp: Device node output[0] registered as /dev/video13
Feb 19 20:17:05 basegnss kernel: [    8.905021] bcm2835_codec: module is from the staging directory, the quality is unknown, you have been warned.
Feb 19 20:17:05 basegnss kernel: [    8.927953] bcm2835-isp bcm2835-isp: Device node capture[0] registered as /dev/video14
Feb 19 20:17:05 basegnss kernel: [    8.928792] bcm2835-isp bcm2835-isp: Device node capture[1] registered as /dev/video15
Feb 19 20:17:05 basegnss kernel: [    8.929310] bcm2835-isp bcm2835-isp: Device node stats[2] registered as /dev/video16
Feb 19 20:17:05 basegnss kernel: [    8.929369] bcm2835-isp bcm2835-isp: Register output node 0 with media controller
Feb 19 20:17:05 basegnss kernel: [    8.929398] bcm2835-isp bcm2835-isp: Register capture node 1 with media controller
Feb 19 20:17:05 basegnss kernel: [    8.929421] bcm2835-isp bcm2835-isp: Register capture node 2 with media controller
Feb 19 20:17:05 basegnss kernel: [    8.929448] bcm2835-isp bcm2835-isp: Register capture node 3 with media controller
Feb 19 20:17:05 basegnss kernel: [    8.938637] bcm2835-isp bcm2835-isp: Device node output[0] registered as /dev/video20
Feb 19 20:17:05 basegnss kernel: [    8.939150] bcm2835-isp bcm2835-isp: Device node capture[0] registered as /dev/video21
Feb 19 20:17:05 basegnss kernel: [    8.941179] bcm2835-isp bcm2835-isp: Device node capture[1] registered as /dev/video22
Feb 19 20:17:05 basegnss kernel: [    8.943003] bcm2835-isp bcm2835-isp: Device node stats[2] registered as /dev/video23
Feb 19 20:17:05 basegnss kernel: [    8.943138] bcm2835-isp bcm2835-isp: Register output node 0 with media controller
Feb 19 20:17:05 basegnss kernel: [    8.943255] bcm2835-isp bcm2835-isp: Register capture node 1 with media controller
Feb 19 20:17:05 basegnss kernel: [    8.943363] bcm2835-isp bcm2835-isp: Register capture node 2 with media controller
Feb 19 20:17:05 basegnss kernel: [    8.943465] bcm2835-isp bcm2835-isp: Register capture node 3 with media controller
Feb 19 20:17:05 basegnss kernel: [    8.951834] bcm2835-isp bcm2835-isp: Loaded V4L2 bcm2835-isp
Feb 19 20:17:05 basegnss kernel: [    9.011688] bcm2835-codec bcm2835-codec: Device registered as /dev/video10
Feb 19 20:17:05 basegnss kernel: [    9.011755] bcm2835-codec bcm2835-codec: Loaded V4L2 decode
Feb 19 20:17:05 basegnss kernel: [    9.014796] bcm2835-codec bcm2835-codec: Device registered as /dev/video11
Feb 19 20:17:05 basegnss kernel: [    9.014874] bcm2835-codec bcm2835-codec: Loaded V4L2 encode
Feb 19 20:17:05 basegnss kernel: [    9.018833] bcm2835-codec bcm2835-codec: Device registered as /dev/video12
Feb 19 20:17:05 basegnss kernel: [    9.018919] bcm2835-codec bcm2835-codec: Loaded V4L2 isp
Feb 19 20:17:05 basegnss kernel: [    9.024008] bcm2835-codec bcm2835-codec: Device registered as /dev/video18
Feb 19 20:17:05 basegnss kernel: [    9.024079] bcm2835-codec bcm2835-codec: Loaded V4L2 image_fx
Feb 19 20:17:05 basegnss kernel: [    9.037910] bcm2835-codec bcm2835-codec: Device registered as /dev/video31
Feb 19 20:17:05 basegnss kernel: [    9.037995] bcm2835-codec bcm2835-codec: Loaded V4L2 encode_image
Feb 19 20:17:05 basegnss kernel: [    9.388768] cfg80211: Loading compiled-in X.509 certificates for regulatory database
Feb 19 20:17:05 basegnss kernel: [    9.575801] cfg80211: Loaded X.509 cert 'sforshee: 00b28ddf47aef9cea7'
Feb 19 20:17:05 basegnss kernel: [    9.592912] cdc_acm 1-1.2.1:1.0: ttyACM0: USB ACM device
Feb 19 20:17:05 basegnss kernel: [    9.604253] cfg80211: loaded regulatory.db is malformed or signature is missing/invalid
Feb 19 20:17:05 basegnss kernel: [    9.623505] cdc_acm 1-1.2.2:1.0: ttyACM1: USB ACM device
Feb 19 20:17:05 basegnss kernel: [    9.623781] usbcore: registered new interface driver cdc_acm
Feb 19 20:17:05 basegnss kernel: [    9.623801] cdc_acm: USB Abstract Control Model driver for USB modems and ISDN adapters
Feb 19 20:17:05 basegnss kernel: [    9.974011] brcmfmac: brcmf_fw_alloc_request: using brcm/brcmfmac43455-sdio for chip BCM4345/6
Feb 19 20:17:05 basegnss mtp-probe: checking bus 1, device 6: "/sys/devices/platform/soc/3f980000.usb/usb1/1-1/1-1.1/1-1.1.1"
Feb 19 20:17:05 basegnss mtp-probe: checking bus 1, device 5: "/sys/devices/platform/soc/3f980000.usb/usb1/1-1/1-1.2/1-1.2.1"
Feb 19 20:17:05 basegnss mtp-probe: bus: 1, device: 5 was not an MTP device
Feb 19 20:17:05 basegnss mtp-probe: bus: 1, device: 6 was not an MTP device
Feb 19 20:17:05 basegnss kernel: [    9.974946] usbcore: registered new interface driver brcmfmac
Feb 19 20:17:05 basegnss kernel: [   10.378691] brcmfmac: brcmf_fw_alloc_request: using brcm/brcmfmac43455-sdio for chip BCM4345/6
Feb 19 20:17:05 basegnss kernel: [   10.383404] 8021q: 802.1Q VLAN Support v1.8
Feb 19 20:17:05 basegnss kernel: [   10.419112] brcmfmac: brcmf_c_preinit_dcmds: Firmware: BCM4345/6 wl0: Nov  1 2021 00:37:25 version 7.45.241 (1a2f2fa CY) FWID 01-703fd60
Feb 19 20:17:05 basegnss kernel: [   10.540898] fb0: switching to vc4 from simple
Feb 19 20:17:05 basegnss kernel: [   10.542084] Console: switching to colour dummy device 80x30
Feb 19 20:17:05 basegnss kernel: [   10.557621] vc4-drm soc:gpu: bound 3f400000.hvs (ops vc4_hvs_ops [vc4])
Feb 19 20:17:05 basegnss kernel: [   10.561145] Registered IR keymap rc-cec
Feb 19 20:17:05 basegnss kernel: [   10.561517] rc rc0: vc4 as /devices/platform/soc/3f902000.hdmi/rc/rc0
Feb 19 20:17:05 basegnss kernel: [   10.561855] input: vc4 as /devices/platform/soc/3f902000.hdmi/rc/rc0/input0
Feb 19 20:17:05 basegnss kernel: [   10.571521] vc4-drm soc:gpu: bound 3f902000.hdmi (ops vc4_hdmi_ops [vc4])
Feb 19 20:17:05 basegnss kernel: [   10.572439] vc4-drm soc:gpu: bound 3f004000.txp (ops vc4_txp_ops [vc4])
Feb 19 20:17:05 basegnss kernel: [   10.573119] vc4-drm soc:gpu: bound 3f206000.pixelvalve (ops vc4_crtc_ops [vc4])
Feb 19 20:17:05 basegnss kernel: [   10.573862] vc4-drm soc:gpu: bound 3f207000.pixelvalve (ops vc4_crtc_ops [vc4])
Feb 19 20:17:05 basegnss kernel: [   10.574505] vc4-drm soc:gpu: bound 3f807000.pixelvalve (ops vc4_crtc_ops [vc4])
Feb 19 20:17:05 basegnss kernel: [   10.575029] vc4-drm soc:gpu: bound 3fc00000.v3d (ops vc4_v3d_ops [vc4])
Feb 19 20:17:05 basegnss kernel: [   10.620137] uart-pl011 3f201000.serial: no DMA platform data
Feb 19 20:17:05 basegnss rsyslogd: imuxsock: Acquired UNIX socket '/run/systemd/journal/syslog' (fd 3) from systemd.  [v8.2102.0]
Feb 19 20:17:05 basegnss rsyslogd: [origin software="rsyslogd" swVersion="8.2102.0" x-pid="363" x-info="https://www.rsyslog.com"] start
Feb 19 20:17:05 basegnss kernel: [   10.876924] Adding 102396k swap on /var/swap.  Priority:-2 extents:1 across:102396k SSFS
Feb 19 20:17:05 basegnss kernel: [   10.888527] [drm] Initialized vc4 0.0.0 20140616 for soc:gpu on minor 0
Feb 19 20:17:05 basegnss kernel: [   10.891827] vc4-drm soc:gpu: [drm] Cannot find any crtc or sizes
Feb 19 20:17:05 basegnss kernel: [   11.020717] 8021q: adding VLAN 0 to HW filter on device eth0
Feb 19 20:17:07 basegnss kernel: [   12.952694] brcmfmac: brcmf_cfg80211_set_power_mgmt: power save enabled
Feb 19 20:17:13 basegnss kernel: [   18.703412] Bluetooth: Core ver 2.22
Feb 19 20:17:13 basegnss kernel: [   18.703513] NET: Registered PF_BLUETOOTH protocol family
Feb 19 20:17:13 basegnss kernel: [   18.703520] Bluetooth: HCI device and connection manager initialized
Feb 19 20:17:13 basegnss kernel: [   18.703540] Bluetooth: HCI socket layer initialized
Feb 19 20:17:13 basegnss kernel: [   18.703550] Bluetooth: L2CAP socket layer initialized
Feb 19 20:17:13 basegnss kernel: [   18.703566] Bluetooth: SCO socket layer initialized
Feb 19 20:17:13 basegnss kernel: [   18.716590] Bluetooth: HCI UART driver ver 2.3
Feb 19 20:17:13 basegnss kernel: [   18.716612] Bluetooth: HCI UART protocol H4 registered
Feb 19 20:17:13 basegnss kernel: [   18.716681] Bluetooth: HCI UART protocol Three-wire (H5) registered
Feb 19 20:17:13 basegnss kernel: [   18.716848] Bluetooth: HCI UART protocol Broadcom registered
Feb 19 20:17:13 basegnss kernel: [   18.819598] IPv6: ADDRCONF(NETDEV_CHANGE): wlan0: link becomes ready
Feb 19 20:17:13 basegnss kernel: [   19.031790] Bluetooth: BNEP (Ethernet Emulation) ver 1.3
Feb 19 20:17:13 basegnss kernel: [   19.031811] Bluetooth: BNEP filters: protocol multicast
Feb 19 20:17:13 basegnss kernel: [   19.031828] Bluetooth: BNEP socket layer initialized
Feb 19 20:17:13 basegnss kernel: [   19.050520] NET: Registered PF_ALG protocol family
Feb 19 20:17:13 basegnss kernel: [   19.091357] cryptd: max_cpu_qlen set to 1000
Feb 19 20:17:15 basegnss kernel: [   20.951725] vc4-drm soc:gpu: [drm] Cannot find any crtc or sizes
Feb 19 20:17:28 basegnss kernel: [   33.751463] cam-dummy-reg: disabling
Feb 19 20:29:38 basegnss kernel: [  337.156417] usb 1-1.2.2: USB disconnect, device number 7
Feb 19 20:29:39 basegnss kernel: [  338.193567] usb 1-1.2.2: new high-speed USB device number 8 using dwc_otg
Feb 19 20:29:39 basegnss kernel: [  338.344187] usb 1-1.2.2: New USB device found, idVendor=16c0, idProduct=0483, bcdDevice= 2.81
Feb 19 20:29:39 basegnss kernel: [  338.344222] usb 1-1.2.2: New USB device strings: Mfr=1, Product=2, SerialNumber=3
Feb 19 20:29:39 basegnss kernel: [  338.344237] usb 1-1.2.2: Product: USB Serial
Feb 19 20:29:39 basegnss kernel: [  338.344250] usb 1-1.2.2: Manufacturer: Teensyduino
Feb 19 20:29:39 basegnss kernel: [  338.344262] usb 1-1.2.2: SerialNumber: 11165570
Feb 19 20:29:39 basegnss kernel: [  338.363271] cdc_acm 1-1.2.2:1.0: ttyACM1: USB ACM device
Feb 19 20:29:40 basegnss kernel: [  339.208441] usb 1-1.2.2: USB disconnect, device number 8
Feb 19 20:29:41 basegnss kernel: [  340.563541] usb 1-1.2.2: new high-speed USB device number 10 using dwc_otg
Feb 19 20:29:42 basegnss kernel: [  341.584157] usb 1-1.2-port2: attempt power cycle
Feb 19 20:29:44 basegnss kernel: [  342.763558] usb 1-1.2.2: new high-speed USB device number 11 using dwc_otg
Feb 19 20:29:44 basegnss kernel: [  342.794108] usb 1-1.2.2: New USB device found, idVendor=16c0, idProduct=0483, bcdDevice= 2.81
Feb 19 20:29:44 basegnss kernel: [  342.794132] usb 1-1.2.2: New USB device strings: Mfr=1, Product=2, SerialNumber=3
Feb 19 20:29:44 basegnss kernel: [  342.794141] usb 1-1.2.2: Product: USB Serial
Feb 19 20:29:44 basegnss kernel: [  342.794148] usb 1-1.2.2: Manufacturer: Teensyduino
Feb 19 20:29:44 basegnss kernel: [  342.794156] usb 1-1.2.2: SerialNumber: 11165570
Feb 19 20:29:44 basegnss kernel: [  342.802717] cdc_acm 1-1.2.2:1.0: ttyACM1: USB ACM device
Feb 19 20:29:44 basegnss kernel: [  343.061389] usb 1-1.2.2: USB disconnect, device number 11
Feb 19 20:29:44 basegnss kernel: [  343.623688] usb 1-1.2.2: new high-speed USB device number 12 using dwc_otg
Feb 19 20:29:46 basegnss kernel: [  345.263574] usb 1-1.2.2: new high-speed USB device number 13 using dwc_otg
Feb 19 20:29:46 basegnss kernel: [  345.413978] usb 1-1.2.2: New USB device found, idVendor=16c0, idProduct=0483, bcdDevice= 2.81
Feb 19 20:29:46 basegnss kernel: [  345.414000] usb 1-1.2.2: New USB device strings: Mfr=1, Product=2, SerialNumber=3
Feb 19 20:29:46 basegnss kernel: [  345.414009] usb 1-1.2.2: Product: USB Serial
Feb 19 20:29:46 basegnss kernel: [  345.414016] usb 1-1.2.2: Manufacturer: Teensyduino
Feb 19 20:29:46 basegnss kernel: [  345.414023] usb 1-1.2.2: SerialNumber: 11165570
Feb 19 20:29:46 basegnss kernel: [  345.419179] cdc_acm 1-1.2.2:1.0: ttyACM1: USB ACM device
Feb 19 20:29:47 basegnss kernel: [  345.885427] usb 1-1.2.2: USB disconnect, device number 13
Feb 19 20:29:47 basegnss kernel: [  346.214326] usb 1-1.2.2: new high-speed USB device number 14 using dwc_otg
Feb 19 20:29:48 basegnss kernel: [  346.844262] usb 1-1.2.2: New USB device found, idVendor=16c0, idProduct=0483, bcdDevice= 2.81
Feb 19 20:29:48 basegnss kernel: [  346.844300] usb 1-1.2.2: New USB device strings: Mfr=1, Product=2, SerialNumber=3
Feb 19 20:29:48 basegnss kernel: [  346.844318] usb 1-1.2.2: Product: USB Serial
Feb 19 20:29:48 basegnss kernel: [  346.844333] usb 1-1.2.2: Manufacturer: Teensyduino
Feb 19 20:29:48 basegnss kernel: [  346.844347] usb 1-1.2.2: SerialNumber: 11165570
Feb 19 20:29:48 basegnss kernel: [  346.861730] cdc_acm 1-1.2.2:1.0: ttyACM1: USB ACM device
Feb 19 20:29:48 basegnss kernel: [  347.168458] usb 1-1.2.2: USB disconnect, device number 14
Feb 19 20:29:48 basegnss kernel: [  347.493579] usb 1-1.2.2: new high-speed USB device number 15 using dwc_otg
Feb 19 20:29:48 basegnss kernel: [  347.643970] usb 1-1.2.2: New USB device found, idVendor=16c0, idProduct=0483, bcdDevice= 2.81
Feb 19 20:29:48 basegnss kernel: [  347.643993] usb 1-1.2.2: New USB device strings: Mfr=1, Product=2, SerialNumber=3
Feb 19 20:29:48 basegnss kernel: [  347.644002] usb 1-1.2.2: Product: USB Serial
Feb 19 20:29:48 basegnss kernel: [  347.644010] usb 1-1.2.2: Manufacturer: Teensyduino
Feb 19 20:29:48 basegnss kernel: [  347.644017] usb 1-1.2.2: SerialNumber: 11165570
Feb 19 20:29:48 basegnss kernel: [  347.647032] cdc_acm 1-1.2.2:1.0: ttyACM1: USB ACM device
Feb 19 20:29:48 basegnss kernel: [  347.693625] usb 1-1.2.2: USB disconnect, device number 15
Feb 19 20:29:49 basegnss kernel: [  348.263591] usb 1-1.2.2: new high-speed USB device number 16 using dwc_otg
Feb 19 20:29:50 basegnss kernel: [  348.894334] usb 1-1.2.2: New USB device found, idVendor=16c0, idProduct=0483, bcdDevice= 2.81
Feb 19 20:29:50 basegnss kernel: [  348.894372] usb 1-1.2.2: New USB device strings: Mfr=1, Product=2, SerialNumber=3
Feb 19 20:29:50 basegnss kernel: [  348.894390] usb 1-1.2.2: Product: USB Serial
Feb 19 20:29:50 basegnss kernel: [  348.894404] usb 1-1.2.2: Manufacturer: Teensyduino
Feb 19 20:29:50 basegnss kernel: [  348.894418] usb 1-1.2.2: SerialNumber: 11165570
Feb 19 20:29:50 basegnss kernel: [  348.899131] cdc_acm 1-1.2.2:1.0: ttyACM1: USB ACM device
Feb 19 20:29:51 basegnss kernel: [  349.732492] usb 1-1.2.2: USB disconnect, device number 16
Feb 19 20:29:51 basegnss kernel: [  350.304126] usb 1-1.2.2: new high-speed USB device number 17 using dwc_otg
Feb 19 20:29:51 basegnss kernel: [  350.454061] usb 1-1.2.2: New USB device found, idVendor=16c0, idProduct=0483, bcdDevice= 2.81
Feb 19 20:29:51 basegnss kernel: [  350.454086] usb 1-1.2.2: New USB device strings: Mfr=1, Product=2, SerialNumber=3
Feb 19 20:29:51 basegnss kernel: [  350.454094] usb 1-1.2.2: Product: USB Serial
Feb 19 20:29:51 basegnss kernel: [  350.454102] usb 1-1.2.2: Manufacturer: Teensyduino
Feb 19 20:29:51 basegnss kernel: [  350.454109] usb 1-1.2.2: SerialNumber: 11165570
Feb 19 20:29:51 basegnss kernel: [  350.459503] cdc_acm 1-1.2.2:1.0: ttyACM1: USB ACM device
Feb 19 20:29:52 basegnss kernel: [  351.270575] usb 1-1.2.2: USB disconnect, device number 17
Feb 19 20:29:52 basegnss kernel: [  351.603642] usb 1-1.2.2: new high-speed USB device number 18 using dwc_otg
Feb 19 20:29:53 basegnss kernel: [  352.523682] usb 1-1.2.2: new high-speed USB device number 19 using dwc_otg
Feb 19 20:29:53 basegnss kernel: [  352.684078] usb 1-1.2.2: New USB device found, idVendor=16c0, idProduct=0483, bcdDevice= 2.81
Feb 19 20:29:53 basegnss kernel: [  352.684102] usb 1-1.2.2: New USB device strings: Mfr=1, Product=2, SerialNumber=3
Feb 19 20:29:53 basegnss kernel: [  352.684111] usb 1-1.2.2: Product: USB Serial
Feb 19 20:29:53 basegnss kernel: [  352.684118] usb 1-1.2.2: Manufacturer: Teensyduino
Feb 19 20:29:53 basegnss kernel: [  352.684125] usb 1-1.2.2: SerialNumber: 11165570
Feb 19 20:29:53 basegnss kernel: [  352.690424] cdc_acm 1-1.2.2:1.0: ttyACM1: USB ACM device
Feb 19 20:29:54 basegnss kernel: [  352.811383] usb 1-1.2.2: USB disconnect, device number 19
Feb 19 20:29:54 basegnss kernel: [  353.123617] usb 1-1.2.2: new high-speed USB device number 20 using dwc_otg
Feb 19 20:29:54 basegnss kernel: [  353.283991] usb 1-1.2.2: New USB device found, idVendor=16c0, idProduct=0483, bcdDevice= 2.81
Feb 19 20:29:54 basegnss kernel: [  353.284015] usb 1-1.2.2: New USB device strings: Mfr=1, Product=2, SerialNumber=3
Feb 19 20:29:54 basegnss kernel: [  353.284024] usb 1-1.2.2: Product: USB Serial
Feb 19 20:29:54 basegnss kernel: [  353.284031] usb 1-1.2.2: Manufacturer: Teensyduino
Feb 19 20:29:54 basegnss kernel: [  353.284038] usb 1-1.2.2: SerialNumber: 11165570
Feb 19 20:29:54 basegnss kernel: [  353.287090] cdc_acm 1-1.2.2:1.0: ttyACM1: USB ACM device
Feb 19 20:29:55 basegnss kernel: [  354.348396] usb 1-1.2.2: USB disconnect, device number 20
Feb 19 20:29:55 basegnss kernel: [  354.673663] usb 1-1.2.2: new high-speed USB device number 21 using dwc_otg
Feb 19 20:29:56 basegnss kernel: [  354.824444] usb 1-1.2.2: New USB device found, idVendor=16c0, idProduct=0483, bcdDevice= 2.81
Feb 19 20:29:56 basegnss kernel: [  354.824482] usb 1-1.2.2: New USB device strings: Mfr=1, Product=2, SerialNumber=3
Feb 19 20:29:56 basegnss kernel: [  354.824500] usb 1-1.2.2: Product: USB Serial
Feb 19 20:29:56 basegnss kernel: [  354.824515] usb 1-1.2.2: Manufacturer: Teensyduino
Feb 19 20:29:56 basegnss kernel: [  354.824529] usb 1-1.2.2: SerialNumber: 11165570
Feb 19 20:29:56 basegnss kernel: [  354.840663] cdc_acm 1-1.2.2:1.0: ttyACM1: USB ACM device
Feb 19 20:29:58 basegnss kernel: [  356.909435] usb 1-1.2.2: USB disconnect, device number 21
Feb 19 20:29:58 basegnss kernel: [  357.233707] usb 1-1.2.2: new high-speed USB device number 22 using dwc_otg
Feb 19 20:29:58 basegnss kernel: [  357.384012] usb 1-1.2.2: New USB device found, idVendor=16c0, idProduct=0483, bcdDevice= 2.81
Feb 19 20:29:58 basegnss kernel: [  357.384036] usb 1-1.2.2: New USB device strings: Mfr=1, Product=2, SerialNumber=3
Feb 19 20:29:58 basegnss kernel: [  357.384052] usb 1-1.2.2: Product: USB Serial
Feb 19 20:29:58 basegnss kernel: [  357.384059] usb 1-1.2.2: Manufacturer: Teensyduino
Feb 19 20:29:58 basegnss kernel: [  357.384067] usb 1-1.2.2: SerialNumber: 11165570
Feb 19 20:29:58 basegnss kernel: [  357.389239] cdc_acm 1-1.2.2:1.0: ttyACM1: USB ACM device
Feb 19 20:30:28 basegnss kernel: [  387.375603] usb 1-1.2.2: USB disconnect, device number 22
Feb 19 20:30:28 basegnss kernel: [  387.713815] usb 1-1.2.2: new high-speed USB device number 23 using dwc_otg
Feb 19 20:30:29 basegnss kernel: [  387.864207] usb 1-1.2.2: New USB device found, idVendor=16c0, idProduct=0483, bcdDevice= 2.81
Feb 19 20:30:29 basegnss kernel: [  387.864230] usb 1-1.2.2: New USB device strings: Mfr=1, Product=2, SerialNumber=3
Feb 19 20:30:29 basegnss kernel: [  387.864239] usb 1-1.2.2: Product: USB Serial
Feb 19 20:30:29 basegnss kernel: [  387.864247] usb 1-1.2.2: Manufacturer: Teensyduino
Feb 19 20:30:29 basegnss kernel: [  387.864254] usb 1-1.2.2: SerialNumber: 11165570
Feb 19 20:30:29 basegnss kernel: [  387.871065] cdc_acm 1-1.2.2:1.0: ttyACM1: USB ACM device
Feb 19 20:30:30 basegnss kernel: [  389.681591] usb 1-1.2.2: USB disconnect, device number 23
Feb 19 20:30:49 basegnss kernel: [  408.173883] usb 1-1.2.2: new high-speed USB device number 24 using dwc_otg
Feb 19 20:30:49 basegnss kernel: [  408.324264] usb 1-1.2.2: New USB device found, idVendor=16c0, idProduct=0483, bcdDevice= 2.81
Feb 19 20:30:49 basegnss kernel: [  408.324287] usb 1-1.2.2: New USB device strings: Mfr=1, Product=2, SerialNumber=3
Feb 19 20:30:49 basegnss kernel: [  408.324296] usb 1-1.2.2: Product: USB Serial
Feb 19 20:30:49 basegnss kernel: [  408.324303] usb 1-1.2.2: Manufacturer: Teensyduino
Feb 19 20:30:49 basegnss kernel: [  408.324310] usb 1-1.2.2: SerialNumber: 11165570
Feb 19 20:30:49 basegnss kernel: [  408.332267] cdc_acm 1-1.2.2:1.0: ttyACM1: USB ACM device
Feb 19 20:30:51 basegnss kernel: [  409.907572] usb 1-1.2.2: USB disconnect, device number 24
Feb 19 20:30:51 basegnss kernel: [  410.223914] usb 1-1.2.2: new full-speed USB device number 25 using dwc_otg
Feb 19 20:30:52 basegnss kernel: [  410.823945] usb 1-1.2.2: new full-speed USB device number 26 using dwc_otg
Feb 19 20:30:52 basegnss kernel: [  411.194177] usb 1-1.2-port2: attempt power cycle
Feb 19 20:30:53 basegnss kernel: [  411.893915] usb 1-1.2.2: new full-speed USB device number 27 using dwc_otg
Feb 19 20:30:53 basegnss kernel: [  412.145365] usb 1-1.2.2: not running at top speed; connect to a high speed hub
Feb 19 20:30:53 basegnss kernel: [  412.152151] usb 1-1.2.2: New USB device found, idVendor=16c0, idProduct=0483, bcdDevice= 2.81
Feb 19 20:30:53 basegnss kernel: [  412.152216] usb 1-1.2.2: New USB device strings: Mfr=1, Product=2, SerialNumber=3
Feb 19 20:30:53 basegnss kernel: [  412.152238] usb 1-1.2.2: Product: USB Serial
Feb 19 20:30:53 basegnss kernel: [  412.152255] usb 1-1.2.2: Manufacturer: Teensyduino
Feb 19 20:30:53 basegnss kernel: [  412.152272] usb 1-1.2.2: SerialNumber: 11165570
Feb 19 20:30:53 basegnss kernel: [  412.159515] cdc_acm 1-1.2.2:1.0: ttyACM1: USB ACM device
Feb 19 20:32:01 basegnss kernel: [  480.054435] usb 1-1.2.2: USB disconnect, device number 27
Feb 19 20:32:02 basegnss kernel: [  481.103781] usb 1-1.2.2: new high-speed USB device number 28 using dwc_otg
Feb 19 20:32:02 basegnss kernel: [  481.274186] usb 1-1.2.2: New USB device found, idVendor=16c0, idProduct=0483, bcdDevice= 2.81
Feb 19 20:32:02 basegnss kernel: [  481.274209] usb 1-1.2.2: New USB device strings: Mfr=1, Product=2, SerialNumber=3
Feb 19 20:32:02 basegnss kernel: [  481.274218] usb 1-1.2.2: Product: USB Serial
Feb 19 20:32:02 basegnss kernel: [  481.274225] usb 1-1.2.2: Manufacturer: Teensyduino
Feb 19 20:32:02 basegnss kernel: [  481.274232] usb 1-1.2.2: SerialNumber: 11165570
Feb 19 20:32:02 basegnss kernel: [  481.280621] cdc_acm 1-1.2.2:1.0: ttyACM1: USB ACM device
Feb 19 20:32:03 basegnss kernel: [  481.850768] usb 1-1.2.2: USB disconnect, device number 28
Feb 19 20:32:03 basegnss kernel: [  482.173777] usb 1-1.2.2: new high-speed USB device number 29 using dwc_otg
Feb 19 20:32:03 basegnss kernel: [  482.324158] usb 1-1.2.2: New USB device found, idVendor=16c0, idProduct=0483, bcdDevice= 2.81
Feb 19 20:32:03 basegnss kernel: [  482.324185] usb 1-1.2.2: New USB device strings: Mfr=1, Product=2, SerialNumber=3
Feb 19 20:32:03 basegnss kernel: [  482.324194] usb 1-1.2.2: Product: USB Serial
Feb 19 20:32:03 basegnss kernel: [  482.324202] usb 1-1.2.2: Manufacturer: Teensyduino
Feb 19 20:32:03 basegnss kernel: [  482.324209] usb 1-1.2.2: SerialNumber: 11165570
Feb 19 20:32:03 basegnss kernel: [  482.330174] cdc_acm 1-1.2.2:1.0: ttyACM1: USB ACM device
Feb 19 20:32:04 basegnss kernel: [  482.875455] usb 1-1.2.2: USB disconnect, device number 29
Feb 19 20:32:05 basegnss kernel: [  484.203811] usb 1-1.2.2: new high-speed USB device number 31 using dwc_otg
Feb 19 20:32:05 basegnss kernel: [  484.563906] usb 1-1.2-port2: attempt power cycle
Feb 19 20:32:13 basegnss kernel: [  491.903774] usb 1-1.2.2: new high-speed USB device number 33 using dwc_otg
Feb 19 20:32:13 basegnss kernel: [  492.054259] usb 1-1.2.2: New USB device found, idVendor=16c0, idProduct=0483, bcdDevice= 2.81
Feb 19 20:32:13 basegnss kernel: [  492.054286] usb 1-1.2.2: New USB device strings: Mfr=1, Product=2, SerialNumber=3
Feb 19 20:32:13 basegnss kernel: [  492.054295] usb 1-1.2.2: Product: USB Serial
Feb 19 20:32:13 basegnss kernel: [  492.054302] usb 1-1.2.2: Manufacturer: Teensyduino
Feb 19 20:32:13 basegnss kernel: [  492.054309] usb 1-1.2.2: SerialNumber: 11165570
Feb 19 20:32:13 basegnss kernel: [  492.062628] cdc_acm 1-1.2.2:1.0: ttyACM1: USB ACM device
Feb 19 20:32:43 basegnss kernel: [  522.306729] usb 1-1.2.2: USB disconnect, device number 33
Feb 19 20:32:43 basegnss kernel: [  522.633904] usb 1-1.2.2: new high-speed USB device number 34 using dwc_otg
Feb 19 20:32:44 basegnss kernel: [  522.794276] usb 1-1.2.2: New USB device found, idVendor=16c0, idProduct=0483, bcdDevice= 2.81
Feb 19 20:32:44 basegnss kernel: [  522.794300] usb 1-1.2.2: New USB device strings: Mfr=1, Product=2, SerialNumber=3
Feb 19 20:32:44 basegnss kernel: [  522.794309] usb 1-1.2.2: Product: USB Serial
Feb 19 20:32:44 basegnss kernel: [  522.794316] usb 1-1.2.2: Manufacturer: Teensyduino
Feb 19 20:32:44 basegnss kernel: [  522.794324] usb 1-1.2.2: SerialNumber: 11165570
Feb 19 20:32:44 basegnss kernel: [  522.801113] cdc_acm 1-1.2.2:1.0: ttyACM1: USB ACM device
Feb 19 20:33:28 basegnss kernel: [  567.364488] usb 1-1.2.2: USB disconnect, device number 34
Feb 19 20:33:28 basegnss kernel: [  567.694097] usb 1-1.2.2: new high-speed USB device number 35 using dwc_otg
Feb 19 20:33:29 basegnss kernel: [  567.844469] usb 1-1.2.2: New USB device found, idVendor=16c0, idProduct=0483, bcdDevice= 2.81
Feb 19 20:33:29 basegnss kernel: [  567.844494] usb 1-1.2.2: New USB device strings: Mfr=1, Product=2, SerialNumber=3
Feb 19 20:33:29 basegnss kernel: [  567.844503] usb 1-1.2.2: Product: USB Serial
Feb 19 20:33:29 basegnss kernel: [  567.844511] usb 1-1.2.2: Manufacturer: Teensyduino
Feb 19 20:33:29 basegnss kernel: [  567.844518] usb 1-1.2.2: SerialNumber: 11165570
Feb 19 20:33:29 basegnss kernel: [  567.851321] cdc_acm 1-1.2.2:1.0: ttyACM1: USB ACM device
Feb 20 00:10:00 basegnss rsyslogd: [origin software="rsyslogd" swVersion="8.2102.0" x-pid="363" x-info="https://www.rsyslog.com"] rsyslogd was HUPed
Feb 20 13:50:31 basegnss kernel: [62790.470614] usb 1-1.2.2: USB disconnect, device number 35
Feb 20 13:50:31 basegnss kernel: [62790.787439] usb 1-1.2.2: new high-speed USB device number 36 using dwc_otg
Feb 20 13:50:31 basegnss kernel: [62790.937803] usb 1-1.2.2: New USB device found, idVendor=16c0, idProduct=0483, bcdDevice= 2.81
Feb 20 13:50:31 basegnss kernel: [62790.937823] usb 1-1.2.2: New USB device strings: Mfr=1, Product=2, SerialNumber=3
Feb 20 13:50:31 basegnss kernel: [62790.937832] usb 1-1.2.2: Product: USB Serial
Feb 20 13:50:31 basegnss kernel: [62790.937839] usb 1-1.2.2: Manufacturer: Teensyduino
Feb 20 13:50:31 basegnss kernel: [62790.937846] usb 1-1.2.2: SerialNumber: 11165570
Feb 20 13:50:31 basegnss kernel: [62790.940936] cdc_acm 1-1.2.2:1.0: ttyACM1: USB ACM device
Feb 20 14:32:43 basegnss kernel: [65322.823784] usb 1-1.2.2: USB disconnect, device number 36
Feb 20 14:32:43 basegnss kernel: [65323.141515] usb 1-1.2.2: new high-speed USB device number 37 using dwc_otg
Feb 20 14:32:44 basegnss kernel: [65323.292365] usb 1-1.2.2: New USB device found, idVendor=16c0, idProduct=0483, bcdDevice= 2.81
Feb 20 14:32:44 basegnss kernel: [65323.292422] usb 1-1.2.2: New USB device strings: Mfr=1, Product=2, SerialNumber=3
Feb 20 14:32:44 basegnss kernel: [65323.292443] usb 1-1.2.2: Product: USB Serial
Feb 20 14:32:44 basegnss kernel: [65323.292460] usb 1-1.2.2: Manufacturer: Teensyduino
Feb 20 14:32:44 basegnss kernel: [65323.292476] usb 1-1.2.2: SerialNumber: 11165570
Feb 20 14:32:44 basegnss kernel: [65323.299450] cdc_acm 1-1.2.2:1.0: ttyACM1: USB ACM device
Feb 20 14:32:51 basegnss kernel: [65330.504785] usb 1-1.2.2: USB disconnect, device number 37
Feb 20 14:32:51 basegnss kernel: [65330.821568] usb 1-1.2.2: new high-speed USB device number 38 using dwc_otg
Feb 20 14:32:51 basegnss kernel: [65330.972245] usb 1-1.2.2: New USB device found, idVendor=16c0, idProduct=0483, bcdDevice= 2.81
Feb 20 14:32:51 basegnss kernel: [65330.972286] usb 1-1.2.2: New USB device strings: Mfr=1, Product=2, SerialNumber=3
Feb 20 14:32:51 basegnss kernel: [65330.972306] usb 1-1.2.2: Product: USB Serial
Feb 20 14:32:51 basegnss kernel: [65330.972322] usb 1-1.2.2: Manufacturer: Teensyduino
Feb 20 14:32:51 basegnss kernel: [65330.972339] usb 1-1.2.2: SerialNumber: 11165570
Feb 20 14:32:51 basegnss kernel: [65330.977396] cdc_acm 1-1.2.2:1.0: ttyACM1: USB ACM device
Feb 20 14:41:03 basegnss kernel: [65823.049772] usb 1-1.2.2: USB disconnect, device number 38
Feb 20 14:41:04 basegnss kernel: [65823.365310] usb 1-1.2.2: new high-speed USB device number 39 using dwc_otg
Feb 20 14:41:04 basegnss kernel: [65823.515985] usb 1-1.2.2: New USB device found, idVendor=16c0, idProduct=0483, bcdDevice= 2.81
Feb 20 14:41:04 basegnss kernel: [65823.516035] usb 1-1.2.2: New USB device strings: Mfr=1, Product=2, SerialNumber=3
Feb 20 14:41:04 basegnss kernel: [65823.516056] usb 1-1.2.2: Product: USB Serial
Feb 20 14:41:04 basegnss kernel: [65823.516073] usb 1-1.2.2: Manufacturer: Teensyduino
Feb 20 14:41:04 basegnss kernel: [65823.516090] usb 1-1.2.2: SerialNumber: 11165570
Feb 20 14:41:04 basegnss kernel: [65823.534109] cdc_acm 1-1.2.2:1.0: ttyACM1: USB ACM device
Feb 20 14:42:21 basegnss kernel: [65900.618794] usb 1-1.2.2: USB disconnect, device number 39
Feb 20 14:42:21 basegnss kernel: [65900.935861] usb 1-1.2.2: new high-speed USB device number 40 using dwc_otg
Feb 20 14:42:21 basegnss kernel: [65901.086588] usb 1-1.2.2: New USB device found, idVendor=16c0, idProduct=0483, bcdDevice= 2.81
Feb 20 14:42:21 basegnss kernel: [65901.086630] usb 1-1.2.2: New USB device strings: Mfr=1, Product=2, SerialNumber=3
Feb 20 14:42:21 basegnss kernel: [65901.086650] usb 1-1.2.2: Product: USB Serial
Feb 20 14:42:21 basegnss kernel: [65901.086667] usb 1-1.2.2: Manufacturer: Teensyduino
Feb 20 14:42:21 basegnss kernel: [65901.086684] usb 1-1.2.2: SerialNumber: 11165570
Feb 20 14:42:21 basegnss kernel: [65901.092140] cdc_acm 1-1.2.2:1.0: ttyACM1: USB ACM device
Feb 20 14:43:14 basegnss kernel: [65953.611814] usb 1-1.2.2: USB disconnect, device number 40
Feb 20 14:43:14 basegnss kernel: [65953.936264] usb 1-1.2.2: new high-speed USB device number 41 using dwc_otg
Feb 20 14:43:14 basegnss kernel: [65954.086822] usb 1-1.2.2: New USB device found, idVendor=16c0, idProduct=0483, bcdDevice= 2.81
Feb 20 14:43:14 basegnss kernel: [65954.086856] usb 1-1.2.2: New USB device strings: Mfr=1, Product=2, SerialNumber=3
Feb 20 14:43:14 basegnss kernel: [65954.086871] usb 1-1.2.2: Product: USB Serial
Feb 20 14:43:14 basegnss kernel: [65954.086884] usb 1-1.2.2: Manufacturer: Teensyduino
Feb 20 14:43:14 basegnss kernel: [65954.086897] usb 1-1.2.2: SerialNumber: 11165570
Feb 20 14:43:14 basegnss kernel: [65954.099166] cdc_acm 1-1.2.2:1.0: ttyACM1: USB ACM device
Feb 20 15:06:29 basegnss kernel: [67348.812808] usb 1-1.2.2: USB disconnect, device number 41
Feb 20 15:06:29 basegnss kernel: [67349.126682] usb 1-1.2.2: new high-speed USB device number 42 using dwc_otg
Feb 20 15:06:30 basegnss kernel: [67349.278062] usb 1-1.2.2: New USB device found, idVendor=16c0, idProduct=0483, bcdDevice= 2.81
Feb 20 15:06:30 basegnss kernel: [67349.278105] usb 1-1.2.2: New USB device strings: Mfr=1, Product=2, SerialNumber=3
Feb 20 15:06:30 basegnss kernel: [67349.278145] usb 1-1.2.2: Product: USB Serial
Feb 20 15:06:30 basegnss kernel: [67349.278163] usb 1-1.2.2: Manufacturer: Teensyduino
Feb 20 15:06:30 basegnss kernel: [67349.278180] usb 1-1.2.2: SerialNumber: 11165570
Feb 20 15:06:30 basegnss kernel: [67349.285704] cdc_acm 1-1.2.2:1.0: ttyACM1: USB ACM device
Feb 20 15:07:08 basegnss kernel: [67387.981809] usb 1-1.2.2: USB disconnect, device number 42
Feb 20 15:07:09 basegnss kernel: [67388.306992] usb 1-1.2.2: new high-speed USB device number 43 using dwc_otg
Feb 20 15:07:09 basegnss kernel: [67388.457656] usb 1-1.2.2: New USB device found, idVendor=16c0, idProduct=0483, bcdDevice= 2.81
Feb 20 15:07:09 basegnss kernel: [67388.457692] usb 1-1.2.2: New USB device strings: Mfr=1, Product=2, SerialNumber=3
Feb 20 15:07:09 basegnss kernel: [67388.457710] usb 1-1.2.2: Product: USB Serial
Feb 20 15:07:09 basegnss kernel: [67388.457724] usb 1-1.2.2: Manufacturer: Teensyduino
Feb 20 15:07:09 basegnss kernel: [67388.457739] usb 1-1.2.2: SerialNumber: 11165570
Feb 20 15:07:09 basegnss kernel: [67388.462093] cdc_acm 1-1.2.2:1.0: ttyACM1: USB ACM device
Feb 20 15:20:56 basegnss kernel: [68215.887771] usb 1-1.2.2: USB disconnect, device number 43
Feb 20 15:20:57 basegnss kernel: [68216.203181] usb 1-1.2.2: new high-speed USB device number 44 using dwc_otg
Feb 20 15:20:57 basegnss kernel: [68216.353808] usb 1-1.2.2: New USB device found, idVendor=16c0, idProduct=0483, bcdDevice= 2.81
Feb 20 15:20:57 basegnss kernel: [68216.353846] usb 1-1.2.2: New USB device strings: Mfr=1, Product=2, SerialNumber=3
Feb 20 15:20:57 basegnss kernel: [68216.353863] usb 1-1.2.2: Product: USB Serial
Feb 20 15:20:57 basegnss kernel: [68216.353887] usb 1-1.2.2: Manufacturer: Teensyduino
Feb 20 15:20:57 basegnss kernel: [68216.353901] usb 1-1.2.2: SerialNumber: 11165570
Feb 20 15:20:57 basegnss kernel: [68216.361324] cdc_acm 1-1.2.2:1.0: ttyACM1: USB ACM device
Feb 20 15:21:05 basegnss kernel: [68225.104790] usb 1-1.2.2: USB disconnect, device number 44
Feb 20 15:21:06 basegnss kernel: [68225.423248] usb 1-1.2.2: new high-speed USB device number 45 using dwc_otg
Feb 20 15:21:06 basegnss kernel: [68225.573940] usb 1-1.2.2: New USB device found, idVendor=16c0, idProduct=0483, bcdDevice= 2.81
Feb 20 15:21:06 basegnss kernel: [68225.573981] usb 1-1.2.2: New USB device strings: Mfr=1, Product=2, SerialNumber=3
Feb 20 15:21:06 basegnss kernel: [68225.574012] usb 1-1.2.2: Product: USB Serial
Feb 20 15:21:06 basegnss kernel: [68225.574029] usb 1-1.2.2: Manufacturer: Teensyduino
Feb 20 15:21:06 basegnss kernel: [68225.574046] usb 1-1.2.2: SerialNumber: 11165570
Feb 20 15:21:06 basegnss kernel: [68225.581666] cdc_acm 1-1.2.2:1.0: ttyACM1: USB ACM device
Feb 20 15:21:56 basegnss kernel: [68275.793822] usb 1-1.2.2: USB disconnect, device number 45
Feb 20 15:21:57 basegnss kernel: [68276.353641] usb 1-1.2.2: new high-speed USB device number 46 using dwc_otg
Feb 20 15:21:57 basegnss kernel: [68276.504292] usb 1-1.2.2: New USB device found, idVendor=16c0, idProduct=0483, bcdDevice= 2.81
Feb 20 15:21:57 basegnss kernel: [68276.504328] usb 1-1.2.2: New USB device strings: Mfr=1, Product=2, SerialNumber=3
Feb 20 15:21:57 basegnss kernel: [68276.504346] usb 1-1.2.2: Product: USB Serial
Feb 20 15:21:57 basegnss kernel: [68276.504360] usb 1-1.2.2: Manufacturer: Teensyduino
Feb 20 15:21:57 basegnss kernel: [68276.504383] usb 1-1.2.2: SerialNumber: 11165570
Feb 20 15:21:57 basegnss kernel: [68276.509194] cdc_acm 1-1.2.2:1.0: ttyACM1: USB ACM device
Feb 20 15:22:10 basegnss kernel: [68289.875790] usb 1-1.2.2: USB disconnect, device number 46
Feb 20 15:22:10 basegnss kernel: [68290.193743] usb 1-1.2.2: new high-speed USB device number 47 using dwc_otg
Feb 20 15:22:11 basegnss kernel: [68290.344378] usb 1-1.2.2: New USB device found, idVendor=16c0, idProduct=0483, bcdDevice= 2.81
Feb 20 15:22:11 basegnss kernel: [68290.344416] usb 1-1.2.2: New USB device strings: Mfr=1, Product=2, SerialNumber=3
Feb 20 15:22:11 basegnss kernel: [68290.344433] usb 1-1.2.2: Product: USB Serial
Feb 20 15:22:11 basegnss kernel: [68290.344448] usb 1-1.2.2: Manufacturer: Teensyduino
Feb 20 15:22:11 basegnss kernel: [68290.344462] usb 1-1.2.2: SerialNumber: 11165570
Feb 20 15:22:11 basegnss kernel: [68290.348854] cdc_acm 1-1.2.2:1.0: ttyACM1: USB ACM device
Feb 20 15:25:59 basegnss kernel: [68518.484798] usb 1-1.2.2: USB disconnect, device number 47
Feb 20 15:26:01 basegnss kernel: [68520.706193] usb 1-1.2-port2: attempt power cycle
Feb 20 15:26:02 basegnss kernel: [68521.885485] usb 1-1.2.2: new high-speed USB device number 50 using dwc_otg
Feb 20 15:26:02 basegnss kernel: [68521.916250] usb 1-1.2.2: New USB device found, idVendor=16c0, idProduct=0483, bcdDevice= 2.81
Feb 20 15:26:02 basegnss kernel: [68521.916302] usb 1-1.2.2: New USB device strings: Mfr=1, Product=2, SerialNumber=3
Feb 20 15:26:02 basegnss kernel: [68521.916323] usb 1-1.2.2: Product: USB Serial
Feb 20 15:26:02 basegnss kernel: [68521.916340] usb 1-1.2.2: Manufacturer: Teensyduino
Feb 20 15:26:02 basegnss kernel: [68521.916357] usb 1-1.2.2: SerialNumber: 11165570
Feb 20 15:26:02 basegnss kernel: [68521.924912] cdc_acm 1-1.2.2:1.0: ttyACM1: USB ACM device
Feb 20 15:35:00 basegnss kernel: [69059.936821] usb 1-1.2.2: USB disconnect, device number 50
Feb 20 15:35:01 basegnss kernel: [69060.269555] usb 1-1.2.2: new high-speed USB device number 51 using dwc_otg
Feb 20 15:35:01 basegnss kernel: [69061.140195] usb 1-1.2.2: New USB device found, idVendor=16c0, idProduct=0483, bcdDevice= 2.81
Feb 20 15:35:01 basegnss kernel: [69061.140235] usb 1-1.2.2: New USB device strings: Mfr=1, Product=2, SerialNumber=3
Feb 20 15:35:01 basegnss kernel: [69061.140270] usb 1-1.2.2: Product: USB Serial
Feb 20 15:35:01 basegnss kernel: [69061.140287] usb 1-1.2.2: Manufacturer: Teensyduino
Feb 20 15:35:01 basegnss kernel: [69061.140304] usb 1-1.2.2: SerialNumber: 11165570
Feb 20 15:35:01 basegnss kernel: [69061.146627] cdc_acm 1-1.2.2:1.0: ttyACM1: USB ACM device
Feb 20 15:35:20 basegnss kernel: [69079.652706] usb 1-1.2.2: USB disconnect, device number 51
Feb 20 15:35:21 basegnss kernel: [69080.699691] usb 1-1.2.2: new high-speed USB device number 52 using dwc_otg
Feb 20 15:35:21 basegnss kernel: [69080.850285] usb 1-1.2.2: New USB device found, idVendor=16c0, idProduct=0483, bcdDevice= 2.81
Feb 20 15:35:21 basegnss kernel: [69080.850320] usb 1-1.2.2: New USB device strings: Mfr=1, Product=2, SerialNumber=3
Feb 20 15:35:21 basegnss kernel: [69080.850338] usb 1-1.2.2: Product: USB Serial
Feb 20 15:35:21 basegnss kernel: [69080.850352] usb 1-1.2.2: Manufacturer: Teensyduino
Feb 20 15:35:21 basegnss kernel: [69080.850367] usb 1-1.2.2: SerialNumber: 11165570
Feb 20 15:35:21 basegnss kernel: [69080.857429] cdc_acm 1-1.2.2:1.0: ttyACM1: USB ACM device
